Archive member included to satisfy reference by file (symbol)

d:/nxp/mcuxpressoide_10.1.0_589/ide/tools/bin/../lib/gcc/arm-none-eabi/6.3.1/../../../../arm-none-eabi/lib/thumb/v6-m\libcr_semihost_nf.a(_cr__main.o)
                              ./startup/startup_mkl16z4.o (__main)
d:/nxp/mcuxpressoide_10.1.0_589/ide/tools/bin/../lib/gcc/arm-none-eabi/6.3.1/../../../../arm-none-eabi/lib/thumb/v6-m\libcr_semihost_nf.a(_cr_assert.o)
                              ./drivers/fsl_adc16.o (__assertion_failed)
d:/nxp/mcuxpressoide_10.1.0_589/ide/tools/bin/../lib/gcc/arm-none-eabi/6.3.1/../../../../arm-none-eabi/lib/thumb/v6-m\libcr_semihost_nf.a(__ciob.o)
                              d:/nxp/mcuxpressoide_10.1.0_589/ide/tools/bin/../lib/gcc/arm-none-eabi/6.3.1/../../../../arm-none-eabi/lib/thumb/v6-m\libcr_semihost_nf.a(_cr_assert.o) (__Ciob)
d:/nxp/mcuxpressoide_10.1.0_589/ide/tools/bin/../lib/gcc/arm-none-eabi/6.3.1/../../../../arm-none-eabi/lib/thumb/v6-m\libcr_semihost_nf.a(__sys_appexit.o)
                              d:/nxp/mcuxpressoide_10.1.0_589/ide/tools/bin/../lib/gcc/arm-none-eabi/6.3.1/../../../../arm-none-eabi/lib/thumb/v6-m\libcr_semihost_nf.a(_cr_assert.o) (__sys_appexit)
d:/nxp/mcuxpressoide_10.1.0_589/ide/tools/bin/../lib/gcc/arm-none-eabi/6.3.1/../../../../arm-none-eabi/lib/thumb/v6-m\libcr_c.a(memcpy.o)
                              ./drivers/fsl_flash.o (memcpy)
d:/nxp/mcuxpressoide_10.1.0_589/ide/tools/bin/../lib/gcc/arm-none-eabi/6.3.1/../../../../arm-none-eabi/lib/thumb/v6-m\libcr_c.a(memset.o)
                              ./drivers/fsl_dma.o (memset)
d:/nxp/mcuxpressoide_10.1.0_589/ide/tools/bin/../lib/gcc/arm-none-eabi/6.3.1/../../../../arm-none-eabi/lib/thumb/v6-m\libcr_c.a(_deferredlazyseek.o)
                              d:/nxp/mcuxpressoide_10.1.0_589/ide/tools/bin/../lib/gcc/arm-none-eabi/6.3.1/../../../../arm-none-eabi/lib/thumb/v6-m\libcr_semihost_nf.a(_cr_assert.o) (__flsbuf)
d:/nxp/mcuxpressoide_10.1.0_589/ide/tools/bin/../lib/gcc/arm-none-eabi/6.3.1/../../../../arm-none-eabi/lib/thumb/v6-m\libcr_c.a(_fflush.o)
                              d:/nxp/mcuxpressoide_10.1.0_589/ide/tools/bin/../lib/gcc/arm-none-eabi/6.3.1/../../../../arm-none-eabi/lib/thumb/v6-m\libcr_c.a(_deferredlazyseek.o) (_fflush)
d:/nxp/mcuxpressoide_10.1.0_589/ide/tools/bin/../lib/gcc/arm-none-eabi/6.3.1/../../../../arm-none-eabi/lib/thumb/v6-m\libcr_c.a(_writebuf.o)
                              d:/nxp/mcuxpressoide_10.1.0_589/ide/tools/bin/../lib/gcc/arm-none-eabi/6.3.1/../../../../arm-none-eabi/lib/thumb/v6-m\libcr_c.a(_deferredlazyseek.o) (_Cwritebuf)
d:/nxp/mcuxpressoide_10.1.0_589/ide/tools/bin/../lib/gcc/arm-none-eabi/6.3.1/../../../../arm-none-eabi/lib/thumb/v6-m\libcr_c.a(alloc.o)
                              d:/nxp/mcuxpressoide_10.1.0_589/ide/tools/bin/../lib/gcc/arm-none-eabi/6.3.1/../../../../arm-none-eabi/lib/thumb/v6-m\libcr_c.a(_deferredlazyseek.o) (_Csys_alloc)
d:/nxp/mcuxpressoide_10.1.0_589/ide/tools/bin/../lib/gcc/arm-none-eabi/6.3.1/../../../../arm-none-eabi/lib/thumb/v6-m\libcr_c.a(fputs.o)
                              d:/nxp/mcuxpressoide_10.1.0_589/ide/tools/bin/../lib/gcc/arm-none-eabi/6.3.1/../../../../arm-none-eabi/lib/thumb/v6-m\libcr_semihost_nf.a(_cr_assert.o) (fputs)
d:/nxp/mcuxpressoide_10.1.0_589/ide/tools/bin/../lib/gcc/arm-none-eabi/6.3.1/../../../../arm-none-eabi/lib/thumb/v6-m\libcr_c.a(fseek.o)
                              d:/nxp/mcuxpressoide_10.1.0_589/ide/tools/bin/../lib/gcc/arm-none-eabi/6.3.1/../../../../arm-none-eabi/lib/thumb/v6-m\libcr_c.a(_deferredlazyseek.o) (fseek)
d:/nxp/mcuxpressoide_10.1.0_589/ide/tools/bin/../lib/gcc/arm-none-eabi/6.3.1/../../../../arm-none-eabi/lib/thumb/v6-m\libcr_c.a(ftell.o)
                              d:/nxp/mcuxpressoide_10.1.0_589/ide/tools/bin/../lib/gcc/arm-none-eabi/6.3.1/../../../../arm-none-eabi/lib/thumb/v6-m\libcr_c.a(fseek.o) (ftell)
d:/nxp/mcuxpressoide_10.1.0_589/ide/tools/bin/../lib/gcc/arm-none-eabi/6.3.1/../../../../arm-none-eabi/lib/thumb/v6-m\libcr_c.a(initio.o)
                              d:/nxp/mcuxpressoide_10.1.0_589/ide/tools/bin/../lib/gcc/arm-none-eabi/6.3.1/../../../../arm-none-eabi/lib/thumb/v6-m\libcr_semihost_nf.a(_cr__main.o) (_initio)
d:/nxp/mcuxpressoide_10.1.0_589/ide/tools/bin/../lib/gcc/arm-none-eabi/6.3.1/../../../../arm-none-eabi/lib/thumb/v6-m\libcr_c.a(setvbuf.o)
                              d:/nxp/mcuxpressoide_10.1.0_589/ide/tools/bin/../lib/gcc/arm-none-eabi/6.3.1/../../../../arm-none-eabi/lib/thumb/v6-m\libcr_c.a(initio.o) (setvbuf)
d:/nxp/mcuxpressoide_10.1.0_589/ide/tools/bin/../lib/gcc/arm-none-eabi/6.3.1/../../../../arm-none-eabi/lib/thumb/v6-m\libcr_c.a(__init_alloc.o)
                              d:/nxp/mcuxpressoide_10.1.0_589/ide/tools/bin/../lib/gcc/arm-none-eabi/6.3.1/../../../../arm-none-eabi/lib/thumb/v6-m\libcr_c.a(alloc.o) (__heaps)
[...]
Memory Configuration

Name             Origin             Length             Attributes
PROGRAM_FLASH    0x00000000         0x00010000         xr
SRAM             0x1ffff800         0x00002000         xrw
*default*        0x00000000         0xffffffff

Linker script and memory map

LOAD ./utilities/fsl_debug_console.o
LOAD ./startup/startup_mkl16z4.o
LOAD ./source/pga2311/pga2311.o
LOAD ./source/modbus/modbus.o
LOAD ./source/emu/kl16z64emu.o
LOAD ./source/eeprom/kl16z64_flash.o
LOAD ./source/LQC2654.o
LOAD ./source/conf.o
LOAD ./source/kl16z64.o
LOAD ./source/mtb.o
LOAD ./source/semihost_hardfault.o
LOAD ./drivers/fsl_adc16.o
LOAD ./drivers/fsl_clock.o
LOAD ./drivers/fsl_cmp.o
LOAD ./drivers/fsl_common.o
LOAD ./drivers/fsl_dac.o
LOAD ./drivers/fsl_dma.o
LOAD ./drivers/fsl_dmamux.o
LOAD ./drivers/fsl_flash.o
LOAD ./drivers/fsl_gpio.o
LOAD ./drivers/fsl_i2c.o
LOAD ./drivers/fsl_i2c_dma.o
LOAD ./drivers/fsl_llwu.o
LOAD ./drivers/fsl_lpsci.o
LOAD ./drivers/fsl_lpsci_dma.o
LOAD ./drivers/fsl_lptmr.o
LOAD ./drivers/fsl_pit.o
LOAD ./drivers/fsl_pmc.o
LOAD ./drivers/fsl_rcm.o
LOAD ./drivers/fsl_rtc.o
LOAD ./drivers/fsl_sim.o
LOAD ./drivers/fsl_smc.o
LOAD ./drivers/fsl_spi.o
LOAD ./drivers/fsl_spi_dma.o
LOAD ./drivers/fsl_tpm.o
LOAD ./drivers/fsl_tsi_v4.o
LOAD ./drivers/fsl_uart.o
LOAD ./drivers/fsl_uart_dma.o
LOAD ./board/board.o
LOAD ./board/clock_config.o
LOAD ./board/peripherals.o
LOAD ./board/pin_mux.o
LOAD ./CMSIS/system_MKL16Z4.o
START GROUP
LOAD d:/nxp/mcuxpressoide_10.1.0_589/ide/tools/bin/../lib/gcc/arm-none-eabi/6.3.1/../../../../arm-none-eabi/lib/thumb/v6-m\libcr_semihost_nf.a
LOAD d:/nxp/mcuxpressoide_10.1.0_589/ide/tools/bin/../lib/gcc/arm-none-eabi/6.3.1/../../../../arm-none-eabi/lib/thumb/v6-m\libcr_c.a
LOAD d:/nxp/mcuxpressoide_10.1.0_589/ide/tools/bin/../lib/gcc/arm-none-eabi/6.3.1/thumb/v6-m\libcr_eabihelpers.a
END GROUP
                0x00000000                __base_PROGRAM_FLASH = 0x0
                0x00000000                __base_Flash = 0x0
                0x00010000                __top_PROGRAM_FLASH = 0x10000
                0x00010000                __top_Flash = 0x10000
                0x1ffff800                __base_SRAM = 0x1ffff800
                0x1ffff800                __base_RAM = 0x1ffff800
                0x20001800                __top_SRAM = 0x20001800
                0x20001800                __top_RAM = 0x20001800

.text           0x00000000     0x4324
 FILL mask 0xff
                0x00000000                __vectors_start__ = ABSOLUTE (.)
 *(.isr_vector)
 .isr_vector    0x00000000       0xc0 ./startup/startup_mkl16z4.o
                0x00000000                g_pfnVectors
                0x00000000                __Vectors
                0x000000c0                . = ALIGN (0x4)
                0x000000c0                __section_table_start = .
                0x000000c0                __data_section_table = .
                0x000000c0        0x4 LONG 0x4324 LOADADDR (.data)
                0x000000c4        0x4 LONG 0x1ffff880 ADDR (.data)
                0x000000c8        0x4 LONG 0x148 SIZEOF (.data)
                0x000000cc                __data_section_table_end = .
                0x000000cc                __bss_section_table = .
                0x000000cc        0x4 LONG 0x1ffff9c8 ADDR (.bss)
                0x000000d0        0x4 LONG 0x2e0 SIZEOF (.bss)
                0x000000d4                __bss_section_table_end = .
                0x000000d4                __section_table_end = .
 *(.after_vectors*)
 .after_vectors
                0x000000d4      0x10c ./startup/startup_mkl16z4.o
                0x000000d4                NMI_Handler
                0x000000d8                SVC_Handler
                0x000000da                PendSV_Handler
                0x000000de                PORTC_PORTD_DriverIRQHandler
                0x000000de                CMP0_DriverIRQHandler
                0x000000de                ADC0_DriverIRQHandler
                0x000000de                LVD_LVW_DriverIRQHandler
                0x000000de                I2S0_DriverIRQHandler
                0x000000de                PIT_DriverIRQHandler
                0x000000de                LPTMR0_DriverIRQHandler
                0x000000de                TPM2_DriverIRQHandler
                0x000000de                RTC_DriverIRQHandler
                0x000000de                Reserved40_DriverIRQHandler
                0x000000de                TPM1_DriverIRQHandler
                0x000000de                TSI0_DriverIRQHandler
                0x000000de                RTC_Seconds_DriverIRQHandler
                0x000000de                PORTA_DriverIRQHandler
                0x000000de                Reserved45_DriverIRQHandler
                0x000000de                LLWU_DriverIRQHandler
                0x000000de                MCG_DriverIRQHandler
                0x000000de                Reserved20_DriverIRQHandler
                0x000000de                FTFA_DriverIRQHandler
                0x000000de                IntDefaultHandler
                0x000000de                DAC0_DriverIRQHandler
                0x000000de                TPM0_DriverIRQHandler
                0x000000e0                DMA0_IRQHandler
                0x000000e8                DMA1_IRQHandler
                0x000000f0                DMA2_IRQHandler
                0x000000f8                DMA3_IRQHandler
                0x00000100                Reserved20_IRQHandler
                0x00000108                FTFA_IRQHandler
                0x00000110                LVD_LVW_IRQHandler
                0x00000118                LLWU_IRQHandler
                0x00000120                I2C0_IRQHandler
                0x00000128                I2C1_IRQHandler
                0x00000130                SPI0_IRQHandler
                0x00000138                SPI1_IRQHandler
                0x00000140                UART0_IRQHandler
                0x00000150                UART2_IRQHandler
                0x00000160                CMP0_IRQHandler
                0x00000168                TPM0_IRQHandler
                0x00000178                TPM2_IRQHandler
                0x00000180                RTC_IRQHandler
                0x00000188                RTC_Seconds_IRQHandler
                0x00000190                PIT_IRQHandler
                0x00000198                I2S0_IRQHandler
                0x000001a0                Reserved40_IRQHandler
                0x000001a8                DAC0_IRQHandler
                0x000001b0                TSI0_IRQHandler
                0x000001b8                MCG_IRQHandler
                0x000001c0                LPTMR0_IRQHandler
                0x000001c8                Reserved45_IRQHandler
                0x000001d0                PORTA_IRQHandler
                0x000001d8                PORTC_PORTD_IRQHandler
 .after_vectors.init_data
                0x000001e0       0x16 ./startup/startup_mkl16z4.o
                0x000001e0                data_init
 .after_vectors.init_bss
                0x000001f6       0x12 ./startup/startup_mkl16z4.o
                0x000001f6                bss_init
 .after_vectors.reset
                0x00000208       0x50 ./startup/startup_mkl16z4.o
                0x00000208                ResetISR
                0x00000400                . = 0x400
 *fill*         0x00000258      0x1a8 ff
                0x00000400                PROVIDE (__FLASH_CONFIG_START__, .)
 *(.FlashConfig)
 .FlashConfig   0x00000400       0x10 ./startup/startup_mkl16z4.o
                0x00000400                Flash_Config
                0x00000410                PROVIDE (__FLASH_CONFIG_END__, .)
                0x00000001                ASSERT (! ((__FLASH_CONFIG_START__ == __FLASH_CONFIG_END__)), Linker Flash Config Support Enabled, but no .FlashConfig section provided within application)
 *(.text*)
 .text.RxdByte  0x00000410      0x820 ./source/modbus/modbus.o
                0x00000410                RxdByte
 .text.hasByteToTxd
                0x00000c30       0x24 ./source/modbus/modbus.o
                0x00000c30                hasByteToTxd
 .text.getTxdByte
                0x00000c54       0x2c ./source/modbus/modbus.o
                0x00000c54                getTxdByte
 .text.OnGetData03
                0x00000c80      0x3cc ./source/modbus/modbus.o
                0x00000c80                OnGetData03
 .text.OnSetData06
                0x0000104c       0xd0 ./source/modbus/modbus.o
                0x0000104c                OnSetData06
 .text.modbusLoop
                0x0000111c       0x4c ./source/modbus/modbus.o
                0x0000111c                modbusLoop
 .text.TPM1_IRQHandler
                0x00001168        0x4 ./source/emu/kl16z64emu.o
                0x00001168                TPM1_IRQHandler
 .text.initEMU  0x0000116c      0x140 ./source/emu/kl16z64emu.o
                0x0000116c                initEMU
 .text.ADC0_IRQHandler
                0x000012ac      0x2e0 ./source/emu/kl16z64emu.o
                0x000012ac                ADC0_IRQHandler
 .text.updateParameter
                0x0000158c      0x318 ./source/emu/kl16z64emu.o
                0x0000158c                updateParameter
 .text.initEEPROM
                0x000018a4       0xfc ./source/eeprom/kl16z64_flash.o
                0x000018a4                initEEPROM
 .text.saveConfig
                0x000019a0       0x44 ./source/eeprom/kl16z64_flash.o
                0x000019a0                saveConfig
 .text.initRVStartPort
                0x000019e4       0x38 ./source/LQC2654.o
                0x000019e4                initRVStartPort
 .text.initStartPWM
                0x00001a1c       0x38 ./source/LQC2654.o
                0x00001a1c                initStartPWM
 .text.startup.main
                0x00001a54       0x8c ./source/LQC2654.o
                0x00001a54                main
 .text.setCom   0x00001ae0       0xe8 ./source/kl16z64.o
                0x00001ae0                setCom
 .text.initModbus
                0x00001bc8       0xa8 ./source/kl16z64.o
                0x00001bc8                initModbus
 .text.startTxd
                0x00001c70       0x28 ./source/kl16z64.o
                0x00001c70                startTxd
 .text.UART1_IRQHandler
                0x00001c98       0x7c ./source/kl16z64.o
                0x00001c98                UART1_IRQHandler
 .text.initSysTick1ms
                0x00001d14       0x5c ./source/kl16z64.o
                0x00001d14                initSysTick1ms
 .text.SysTick_Handler
                0x00001d70        0xc ./source/kl16z64.o
                0x00001d70                SysTick_Handler
 .text.HardFault_Handler
                0x00001d7c       0x2c ./source/semihost_hardfault.o
                0x00001d7c                HardFault_Handler
 .text.ADC16_Init
                0x00001da8       0xdc ./drivers/fsl_adc16.o
                0x00001da8                ADC16_Init
 .text.ADC16_Deinit
                0x00001e84       0x2c ./drivers/fsl_adc16.o
                0x00001e84                ADC16_Deinit
 .text.ADC16_DoAutoCalibration
                0x00001eb0       0xac ./drivers/fsl_adc16.o
                0x00001eb0                ADC16_DoAutoCalibration
 .text.CLOCK_SetSimConfig
                0x00001f5c       0x4c ./drivers/fsl_clock.o
                0x00001f5c                CLOCK_SetSimConfig
 .text.CLOCK_InitOsc0
                0x00001fa8       0x6c ./drivers/fsl_clock.o
                0x00001fa8                CLOCK_InitOsc0
 .text.CLOCK_SetPbeMode
                0x00002014       0x8c ./drivers/fsl_clock.o
                0x00002014                CLOCK_SetPbeMode
 .text.CLOCK_BootToPeeMode
                0x000020a0       0x38 ./drivers/fsl_clock.o
                0x000020a0                CLOCK_BootToPeeMode
 .text.DMA0_DriverIRQHandler
                0x000020d8       0x48 ./drivers/fsl_dma.o
                0x000020d8                DMA0_DriverIRQHandler
 .text.DMA1_DriverIRQHandler
                0x00002120       0x48 ./drivers/fsl_dma.o
                0x00002120                DMA1_DriverIRQHandler
 .text.DMA2_DriverIRQHandler
                0x00002168       0x48 ./drivers/fsl_dma.o
                0x00002168                DMA2_DriverIRQHandler
 .text.DMA3_DriverIRQHandler
                0x000021b0       0x48 ./drivers/fsl_dma.o
                0x000021b0                DMA3_DriverIRQHandler
 .text.FLASH_Init
                0x000021f8       0xbc ./drivers/fsl_flash.o
                0x000021f8                FLASH_Init
 .text.FLASH_Erase
                0x000022b4      0x184 ./drivers/fsl_flash.o
                0x000022b4                FLASH_Erase
 .text.FLASH_Program
                0x00002438      0x1b8 ./drivers/fsl_flash.o
                0x00002438                FLASH_Program
 .text.GPIO_PinInit
                0x000025f0       0x40 ./drivers/fsl_gpio.o
                0x000025f0                GPIO_PinInit
 .text.I2C0_DriverIRQHandler
                0x00002630       0x3c ./drivers/fsl_i2c.o
                0x00002630                I2C0_DriverIRQHandler
 .text.I2C1_DriverIRQHandler
                0x0000266c       0x3c ./drivers/fsl_i2c.o
                0x0000266c                I2C1_DriverIRQHandler
 .text.UART0_DriverIRQHandler
                0x000026a8       0x1c ./drivers/fsl_lpsci.o
                0x000026a8                UART0_DriverIRQHandler
 .text.SPI0_DriverIRQHandler
                0x000026c4       0x3c ./drivers/fsl_spi.o
                0x000026c4                SPI0_DriverIRQHandler
 .text.SPI1_DriverIRQHandler
                0x00002700       0x3c ./drivers/fsl_spi.o
                0x00002700                SPI1_DriverIRQHandler
 .text.TPM_Init
                0x0000273c       0xc0 ./drivers/fsl_tpm.o
                0x0000273c                TPM_Init
 .text.TPM_GetDefaultConfig
                0x000027fc       0x24 ./drivers/fsl_tpm.o
                0x000027fc                TPM_GetDefaultConfig
 .text.UART_Init
                0x00002820      0x130 ./drivers/fsl_uart.o
                0x00002820                UART_Init
 .text.UART_Deinit
                0x00002950       0x48 ./drivers/fsl_uart.o
                0x00002950                UART_Deinit
 .text.UART_GetDefaultConfig
                0x00002998       0x24 ./drivers/fsl_uart.o
                0x00002998                UART_GetDefaultConfig
 .text.UART_EnableInterrupts
                0x000029bc       0x24 ./drivers/fsl_uart.o
                0x000029bc                UART_EnableInterrupts
 .text.UART_DisableInterrupts
                0x000029e0       0x20 ./drivers/fsl_uart.o
                0x000029e0                UART_DisableInterrupts
 .text.UART_GetStatusFlags
                0x00002a00        0xc ./drivers/fsl_uart.o
                0x00002a00                UART_GetStatusFlags
 .text.UART_ClearStatusFlags
                0x00002a0c       0x38 ./drivers/fsl_uart.o
                0x00002a0c                UART_ClearStatusFlags
 .text.UART1_DriverIRQHandler
                0x00002a44       0x1c ./drivers/fsl_uart.o
                0x00002a44                UART1_DriverIRQHandler
 .text.UART2_DriverIRQHandler
                0x00002a60       0x1c ./drivers/fsl_uart.o
                0x00002a60                UART2_DriverIRQHandler
 .text.BOARD_InitBootClocks
                0x00002a7c       0x68 ./board/clock_config.o
                0x00002a7c                BOARD_InitBootClocks
 .text.BOARD_InitBootPins
                0x00002ae4        0x4 ./board/pin_mux.o
                0x00002ae4                BOARD_InitBootPins
 .text.SystemInit
                0x00002ae8       0x28 ./CMSIS/system_MKL16Z4.o
                0x00002ae8                SystemInit
 .text.__main   0x00002b10        0xc d:/nxp/mcuxpressoide_10.1.0_589/ide/tools/bin/../lib/gcc/arm-none-eabi/6.3.1/../../../../arm-none-eabi/lib/thumb/v6-m\libcr_semihost_nf.a(_cr__main.o)
                0x00002b10                __CR_SEMIHOST
                0x00002b10                __main
 .text.__assertion_failed
                0x00002b1c       0x4c d:/nxp/mcuxpressoide_10.1.0_589/ide/tools/bin/../lib/gcc/arm-none-eabi/6.3.1/../../../../arm-none-eabi/lib/thumb/v6-m\libcr_semihost_nf.a(_cr_assert.o)
                0x00002b1c                __assertion_failed
 .text.__sys_appexit
                0x00002b68        0xc d:/nxp/mcuxpressoide_10.1.0_589/ide/tools/bin/../lib/gcc/arm-none-eabi/6.3.1/../../../../arm-none-eabi/lib/thumb/v6-m\libcr_semihost_nf.a(__sys_appexit.o)
                0x00002b68                __sys_appexit
                0x00002b68                __exit
 .text.memcpy   0x00002b74        0x8 d:/nxp/mcuxpressoide_10.1.0_589/ide/tools/bin/../lib/gcc/arm-none-eabi/6.3.1/../../../../arm-none-eabi/lib/thumb/v6-m\libcr_c.a(memcpy.o)
                0x00002b74                memcpy
 .text.memset   0x00002b7c        0x8 d:/nxp/mcuxpressoide_10.1.0_589/ide/tools/bin/../lib/gcc/arm-none-eabi/6.3.1/../../../../arm-none-eabi/lib/thumb/v6-m\libcr_c.a(memset.o)
                0x00002b7c                memset
 .text._deferredlazyseek
                0x00002b84       0x40 d:/nxp/mcuxpressoide_10.1.0_589/ide/tools/bin/../lib/gcc/arm-none-eabi/6.3.1/../../../../arm-none-eabi/lib/thumb/v6-m\libcr_c.a(_deferredlazyseek.o)
                0x00002b84                _deferredlazyseek
 .text.__flsbuf
                0x00002bc4      0x150 d:/nxp/mcuxpressoide_10.1.0_589/ide/tools/bin/../lib/gcc/arm-none-eabi/6.3.1/../../../../arm-none-eabi/lib/thumb/v6-m\libcr_c.a(_deferredlazyseek.o)
                0x00002bc4                __flsbuf
 .text._fflush  0x00002d14       0x5c d:/nxp/mcuxpressoide_10.1.0_589/ide/tools/bin/../lib/gcc/arm-none-eabi/6.3.1/../../../../arm-none-eabi/lib/thumb/v6-m\libcr_c.a(_fflush.o)
                0x00002d14                _fflush
 .text._Cwritebuf
                0x00002d70       0x68 d:/nxp/mcuxpressoide_10.1.0_589/ide/tools/bin/../lib/gcc/arm-none-eabi/6.3.1/../../../../arm-none-eabi/lib/thumb/v6-m\libcr_c.a(_writebuf.o)
                0x00002d70                _Cwritebuf
 .text.malloc   0x00002dd8       0xcc d:/nxp/mcuxpressoide_10.1.0_589/ide/tools/bin/../lib/gcc/arm-none-eabi/6.3.1/../../../../arm-none-eabi/lib/thumb/v6-m\libcr_c.a(alloc.o)
                0x00002dd8                malloc
 .text.free     0x00002ea4       0x2c d:/nxp/mcuxpressoide_10.1.0_589/ide/tools/bin/../lib/gcc/arm-none-eabi/6.3.1/../../../../arm-none-eabi/lib/thumb/v6-m\libcr_c.a(alloc.o)
                0x00002ea4                free
 .text._Csys_alloc
                0x00002ed0       0x20 d:/nxp/mcuxpressoide_10.1.0_589/ide/tools/bin/../lib/gcc/arm-none-eabi/6.3.1/../../../../arm-none-eabi/lib/thumb/v6-m\libcr_c.a(alloc.o)
                0x00002ed0                _Csys_alloc
 .text.fputs    0x00002ef0       0x2e d:/nxp/mcuxpressoide_10.1.0_589/ide/tools/bin/../lib/gcc/arm-none-eabi/6.3.1/../../../../arm-none-eabi/lib/thumb/v6-m\libcr_c.a(fputs.o)
                0x00002ef0                fputs
 *fill*         0x00002f1e        0x2 ff
 .text.fseek    0x00002f20       0xf0 d:/nxp/mcuxpressoide_10.1.0_589/ide/tools/bin/../lib/gcc/arm-none-eabi/6.3.1/../../../../arm-none-eabi/lib/thumb/v6-m\libcr_c.a(fseek.o)
                0x00002f20                fseek
 .text.ftell    0x00003010       0x48 d:/nxp/mcuxpressoide_10.1.0_589/ide/tools/bin/../lib/gcc/arm-none-eabi/6.3.1/../../../../arm-none-eabi/lib/thumb/v6-m\libcr_c.a(ftell.o)
                0x00003010                ftell
 .text._initio  0x00003058       0x7c d:/nxp/mcuxpressoide_10.1.0_589/ide/tools/bin/../lib/gcc/arm-none-eabi/6.3.1/../../../../arm-none-eabi/lib/thumb/v6-m\libcr_c.a(initio.o)
                0x00003058                _initio
 .text.setvbuf  0x000030d4       0x48 d:/nxp/mcuxpressoide_10.1.0_589/ide/tools/bin/../lib/gcc/arm-none-eabi/6.3.1/../../../../arm-none-eabi/lib/thumb/v6-m\libcr_c.a(setvbuf.o)
                0x000030d4                setvbuf
 .text._sbrk    0x0000311c       0x40 d:/nxp/mcuxpressoide_10.1.0_589/ide/tools/bin/../lib/gcc/arm-none-eabi/6.3.1/../../../../arm-none-eabi/lib/thumb/v6-m\libcr_c.a(_cr_sbrk.o)
                0x0000311c                _sbrk
 .text._fdopen  0x0000315c       0x74 d:/nxp/mcuxpressoide_10.1.0_589/ide/tools/bin/../lib/gcc/arm-none-eabi/6.3.1/../../../../arm-none-eabi/lib/thumb/v6-m\libcr_c.a(_fdopen.o)
                0x0000315c                _fdopen
 .text.fclose   0x000031d0       0x5c d:/nxp/mcuxpressoide_10.1.0_589/ide/tools/bin/../lib/gcc/arm-none-eabi/6.3.1/../../../../arm-none-eabi/lib/thumb/v6-m\libcr_c.a(fclose.o)
                0x000031d0                fclose
 .text.fflush   0x0000322c       0x44 d:/nxp/mcuxpressoide_10.1.0_589/ide/tools/bin/../lib/gcc/arm-none-eabi/6.3.1/../../../../arm-none-eabi/lib/thumb/v6-m\libcr_c.a(fflush.o)
                0x0000322c                fflush
 .text.remove   0x00003270       0x12 d:/nxp/mcuxpressoide_10.1.0_589/ide/tools/bin/../lib/gcc/arm-none-eabi/6.3.1/../../../../arm-none-eabi/lib/thumb/v6-m\libcr_c.a(remove.o)
                0x00003270                remove
 *fill*         0x00003282        0x2 ff
 .text.strlen   0x00003284       0x58 d:/nxp/mcuxpressoide_10.1.0_589/ide/tools/bin/../lib/gcc/arm-none-eabi/6.3.1/../../../../arm-none-eabi/lib/thumb/v6-m\libcr_c.a(strlen.o)
                0x00003284                strlen
 .text.__check_heap_overflow
                0x000032dc       0x18 d:/nxp/mcuxpressoide_10.1.0_589/ide/tools/bin/../lib/gcc/arm-none-eabi/6.3.1/../../../../arm-none-eabi/lib/thumb/v6-m\libcr_c.a(_cr_check_heap.o)
                0x000032dc                __check_heap_overflow
 .text._do_fflush
                0x000032f4       0x44 d:/nxp/mcuxpressoide_10.1.0_589/ide/tools/bin/../lib/gcc/arm-none-eabi/6.3.1/../../../../arm-none-eabi/lib/thumb/v6-m\libcr_c.a(_do_fflush.o)
                0x000032f4                _do_fflush
 .text.__aeabi_division_idivmod
                0x00003338       0x78 d:/nxp/mcuxpressoide_10.1.0_589/ide/tools/bin/../lib/gcc/arm-none-eabi/6.3.1/thumb/v6-m\libcr_eabihelpers.a(division_32.o)
                0x00003338                __aeabi_idivmod
                0x00003338                __aeabi_idiv
                0x0000333e                __aeabi_uidivmod
                0x0000333e                __aeabi_uidiv
 .text.__aeabi_division_idiv0
                0x000033b0        0x2 d:/nxp/mcuxpressoide_10.1.0_589/ide/tools/bin/../lib/gcc/arm-none-eabi/6.3.1/thumb/v6-m\libcr_eabihelpers.a(division_idiv0.o)
                0x000033b0                __aeabi_idiv0
 *fill*         0x000033b2        0x2 ff
 .text.__aeabi_dmul
                0x000033b4      0x180 d:/nxp/mcuxpressoide_10.1.0_589/ide/tools/bin/../lib/gcc/arm-none-eabi/6.3.1/thumb/v6-m\libcr_eabihelpers.a(double.o)
                0x000033b4                __aeabi_dmul
 .text.__aeabi_dsub
                0x00003534      0x1e8 d:/nxp/mcuxpressoide_10.1.0_589/ide/tools/bin/../lib/gcc/arm-none-eabi/6.3.1/thumb/v6-m\libcr_eabihelpers.a(double.o)
                0x00003534                __aeabi_dsub
 .text.__aeabi_dadd
                0x0000371c      0x130 d:/nxp/mcuxpressoide_10.1.0_589/ide/tools/bin/../lib/gcc/arm-none-eabi/6.3.1/thumb/v6-m\libcr_eabihelpers.a(double.o)
                0x0000371c                __aeabi_dadd
 .text.__aeabi_d2f
                0x0000384c       0x60 d:/nxp/mcuxpressoide_10.1.0_589/ide/tools/bin/../lib/gcc/arm-none-eabi/6.3.1/thumb/v6-m\libcr_eabihelpers.a(double.o)
                0x0000384c                __aeabi_d2f
 .text.__aeabi_fdiv
                0x000038ac       0xe8 d:/nxp/mcuxpressoide_10.1.0_589/ide/tools/bin/../lib/gcc/arm-none-eabi/6.3.1/thumb/v6-m\libcr_eabihelpers.a(float.o)
                0x000038ac                __aeabi_fdiv
 .text.__aeabi_fsub
                0x00003994      0x12c d:/nxp/mcuxpressoide_10.1.0_589/ide/tools/bin/../lib/gcc/arm-none-eabi/6.3.1/thumb/v6-m\libcr_eabihelpers.a(float.o)
                0x00003994                __aeabi_fsub
 .text.__aeabi_fadd
                0x00003ac0       0xb4 d:/nxp/mcuxpressoide_10.1.0_589/ide/tools/bin/../lib/gcc/arm-none-eabi/6.3.1/thumb/v6-m\libcr_eabihelpers.a(float.o)
                0x00003ac0                __aeabi_fadd
 .text.__aeabi_f2iz
                0x00003b74       0x3c d:/nxp/mcuxpressoide_10.1.0_589/ide/tools/bin/../lib/gcc/arm-none-eabi/6.3.1/thumb/v6-m\libcr_eabihelpers.a(float.o)
                0x00003b74                __aeabi_f2iz
 .text.__bhs_ui2f
                0x00003bb0       0x62 d:/nxp/mcuxpressoide_10.1.0_589/ide/tools/bin/../lib/gcc/arm-none-eabi/6.3.1/thumb/v6-m\libcr_eabihelpers.a(float.o)
                0x00003bb0                __bhs_ui2f
 .text.__aeabi_i2f
                0x00003c12       0x18 d:/nxp/mcuxpressoide_10.1.0_589/ide/tools/bin/../lib/gcc/arm-none-eabi/6.3.1/thumb/v6-m\libcr_eabihelpers.a(float.o)
                0x00003c12                __aeabi_i2f
 .text.__aeabi_ui2f
                0x00003c2a        0xc d:/nxp/mcuxpressoide_10.1.0_589/ide/tools/bin/../lib/gcc/arm-none-eabi/6.3.1/thumb/v6-m\libcr_eabihelpers.a(float.o)
                0x00003c2a                __aeabi_ui2f
 *fill*         0x00003c36        0x2 ff
 .text.__aeabi_f2d
                0x00003c38       0x3c d:/nxp/mcuxpressoide_10.1.0_589/ide/tools/bin/../lib/gcc/arm-none-eabi/6.3.1/thumb/v6-m\libcr_eabihelpers.a(float.o)
                0x00003c38                __aeabi_f2d
 .text.__aeabi_llong_lmul
                0x00003c74       0x2e d:/nxp/mcuxpressoide_10.1.0_589/ide/tools/bin/../lib/gcc/arm-none-eabi/6.3.1/thumb/v6-m\libcr_eabihelpers.a(llong.o)
                0x00003c74                __aeabi_lmul
 .text.__aeabi_memcpy
                0x00003ca2       0x2c d:/nxp/mcuxpressoide_10.1.0_589/ide/tools/bin/../lib/gcc/arm-none-eabi/6.3.1/thumb/v6-m\libcr_eabihelpers.a(memcpy.o)
                0x00003ca2                __aeabi_memcpy4
                0x00003ca2                __aeabi_memcpy8
                0x00003ca2                __aeabi_memcpy
 .text.__aeabi_memset_lowlevel
                0x00003cce       0x2a d:/nxp/mcuxpressoide_10.1.0_589/ide/tools/bin/../lib/gcc/arm-none-eabi/6.3.1/thumb/v6-m\libcr_eabihelpers.a(memcpy.o)
                0x00003cce                __aeabi_lowlevel_memset
 .text.__sys_close
                0x00003cf8        0xc d:/nxp/mcuxpressoide_10.1.0_589/ide/tools/bin/../lib/gcc/arm-none-eabi/6.3.1/../../../../arm-none-eabi/lib/thumb/v6-m\libcr_semihost_nf.a(__sys_close.o)
                0x00003cf8                __sys_close
 .text.__sys_flen
                0x00003d04        0xc d:/nxp/mcuxpressoide_10.1.0_589/ide/tools/bin/../lib/gcc/arm-none-eabi/6.3.1/../../../../arm-none-eabi/lib/thumb/v6-m\libcr_semihost_nf.a(__sys_flen.o)
                0x00003d04                __sys_flen
 .text.__sys_istty
                0x00003d10        0xc d:/nxp/mcuxpressoide_10.1.0_589/ide/tools/bin/../lib/gcc/arm-none-eabi/6.3.1/../../../../arm-none-eabi/lib/thumb/v6-m\libcr_semihost_nf.a(__sys_istty.o)
                0x00003d10                __sys_istty
 .text.__sys_remove
                0x00003d1c        0xc d:/nxp/mcuxpressoide_10.1.0_589/ide/tools/bin/../lib/gcc/arm-none-eabi/6.3.1/../../../../arm-none-eabi/lib/thumb/v6-m\libcr_semihost_nf.a(__sys_remove.o)
                0x00003d1c                __sys_remove
 .text.__sys_seek
                0x00003d28        0xc d:/nxp/mcuxpressoide_10.1.0_589/ide/tools/bin/../lib/gcc/arm-none-eabi/6.3.1/../../../../arm-none-eabi/lib/thumb/v6-m\libcr_semihost_nf.a(__sys_seek.o)
                0x00003d28                __sys_seek
 .text.__sys_tmpnam
                0x00003d34        0xc d:/nxp/mcuxpressoide_10.1.0_589/ide/tools/bin/../lib/gcc/arm-none-eabi/6.3.1/../../../../arm-none-eabi/lib/thumb/v6-m\libcr_semihost_nf.a(__sys_tmpnam.o)
                0x00003d34                __sys_tmpnam
 .text.__sys_write
                0x00003d40        0xc d:/nxp/mcuxpressoide_10.1.0_589/ide/tools/bin/../lib/gcc/arm-none-eabi/6.3.1/../../../../arm-none-eabi/lib/thumb/v6-m\libcr_semihost_nf.a(__sys_write.o)
                0x00003d40                __sys_write
 *(.rodata .rodata.* .constdata .constdata.*)
 .rodata.OnSetData06
                0x00003d4c       0x40 ./source/modbus/modbus.o
 .rodata.auchCRCHi
                0x00003d8c      0x100 ./source/modbus/modbus.o
                0x00003d8c                auchCRCHi
 .rodata.auchCRCLo
                0x00003e8c      0x100 ./source/modbus/modbus.o
                0x00003e8c                auchCRCLo
 .rodata.updateParameter
                0x00003f8c       0x20 ./source/emu/kl16z64emu.o
 .rodata.ADC16_Init.str1.4
                0x00003fac       0x6c ./drivers/fsl_adc16.o
 .rodata.CLOCK_BootToPeeMode.str1.4
                0x00004018       0x25 ./drivers/fsl_clock.o
 *fill*         0x0000403d        0x3 ff
 .rodata.CLOCK_SetPbeMode.str1.4
                0x00004040       0x25 ./drivers/fsl_clock.o
 *fill*         0x00004065        0x3 ff
 .rodata.DMA_HandleIRQ.str1.4
                0x00004068       0x73 ./drivers/fsl_dma.o
 *fill*         0x000040db        0x1 ff
 .rodata.kPFlashDensities
                0x000040dc       0x1e ./drivers/fsl_flash.o
                0x000040dc                kPFlashDensities
 *fill*         0x000040fa        0x2 ff
 .rodata.s_flashCommonBitOperationFunctionCode
                0x000040fc       0x1c ./drivers/fsl_flash.o
 .rodata.s_flashRunCommandFunctionCode
                0x00004118        0xc ./drivers/fsl_flash.o
 .rodata.GPIO_PinInit.str1.4
                0x00004124       0x22 ./drivers/fsl_gpio.o
 *fill*         0x00004146        0x2 ff
 .rodata.SPI0_DriverIRQHandler.str1.4
                0x00004148       0x2b ./drivers/fsl_spi.o
 *fill*         0x00004173        0x1 ff
 .rodata.SPI1_DriverIRQHandler.str1.4
                0x00004174       0x2b ./drivers/fsl_spi.o
 *fill*         0x0000419f        0x1 ff
 .rodata.TPM_GetDefaultConfig.str1.4
                0x000041a0       0x22 ./drivers/fsl_tpm.o
 *fill*         0x000041c2        0x2 ff
 .rodata.TPM_Init.str1.4
                0x000041c4       0x57 ./drivers/fsl_tpm.o
 *fill*         0x0000421b        0x1 ff
 .rodata.UART_GetDefaultConfig.str1.4
                0x0000421c       0x23 ./drivers/fsl_uart.o
 *fill*         0x0000423f        0x1 ff
 .rodata.UART_GetInstance.str1.4
                0x00004240       0x36 ./drivers/fsl_uart.o
 *fill*         0x00004276        0x2 ff
 .rodata.UART_Init.str1.4
                0x00004278       0x58 ./drivers/fsl_uart.o
                                 0x55 (size before relaxing)
 .rodata.mcgConfig_BOARD_BootClockRUN
                0x000042d0        0xa ./board/clock_config.o
                0x000042d0                mcgConfig_BOARD_BootClockRUN
 *fill*         0x000042da        0x2 ff
 .rodata.oscConfig_BOARD_BootClockRUN
                0x000042dc        0x8 ./board/clock_config.o
                0x000042dc                oscConfig_BOARD_BootClockRUN
 .rodata.simConfig_BOARD_BootClockRUN
                0x000042e4        0x8 ./board/clock_config.o
                0x000042e4                simConfig_BOARD_BootClockRUN
 .rodata.__assertion_failed.str1.1
                0x000042ec       0x15 d:/nxp/mcuxpressoide_10.1.0_589/ide/tools/bin/../lib/gcc/arm-none-eabi/6.3.1/../../../../arm-none-eabi/lib/thumb/v6-m\libcr_semihost_nf.a(_cr_assert.o)
 *fill*         0x00004301        0x3 ff
 .rodata.__num_Ciob_streams
                0x00004304        0x4 d:/nxp/mcuxpressoide_10.1.0_589/ide/tools/bin/../lib/gcc/arm-none-eabi/6.3.1/../../../../arm-none-eabi/lib/thumb/v6-m\libcr_semihost_nf.a(__ciob.o)
                0x00004304                __num_Ciob_streams
 .rodata._Csys_alloc.str1.1
                0x00004308       0x18 d:/nxp/mcuxpressoide_10.1.0_589/ide/tools/bin/../lib/gcc/arm-none-eabi/6.3.1/../../../../arm-none-eabi/lib/thumb/v6-m\libcr_c.a(alloc.o)
 .rodata._initio.str1.1
                0x00004320        0x4 d:/nxp/mcuxpressoide_10.1.0_589/ide/tools/bin/../lib/gcc/arm-none-eabi/6.3.1/../../../../arm-none-eabi/lib/thumb/v6-m\libcr_c.a(initio.o)
                0x00004324                . = ALIGN (0x4)

.glue_7         0x00004324        0x0
 .glue_7        0x00004324        0x0 linker stubs

.glue_7t        0x00004324        0x0
 .glue_7t       0x00004324        0x0 linker stubs

.vfp11_veneer   0x00004324        0x0
 .vfp11_veneer  0x00004324        0x0 linker stubs

.v4_bx          0x00004324        0x0
 .v4_bx         0x00004324        0x0 linker stubs

.iplt           0x00004324        0x0
 .iplt          0x00004324        0x0 ./utilities/fsl_debug_console.o

.rel.dyn        0x00004324        0x0
 .rel.iplt      0x00004324        0x0 ./utilities/fsl_debug_console.o

.ARM.extab
 *(.ARM.extab* .gnu.linkonce.armextab.*)
                0x00004324                __exidx_start = .

.ARM.exidx
 *(.ARM.exidx* .gnu.linkonce.armexidx.*)
                0x00004324                __exidx_end = .
                0x00004324                _etext = .

.mtb_buffer_default
                0x1ffff800       0x80
 *(.mtb*)
 .mtb.$RAM1     0x1ffff800       0x80 ./source/mtb.o
                0x1ffff800                __mtb_buffer__

.uninit_RESERVED
                0x1ffff880        0x0
 *(.bss.$RESERVED*)
                0x1ffff880                . = ALIGN (0x4)
                0x1ffff880                _end_uninit_RESERVED = .

.data           0x1ffff880      0x148 load address 0x00004324
 FILL mask 0xff
                0x1ffff880                _data = .
 *(vtable)
 *(.ramfunc*)
 *(.data*)
 .data.emu      0x1ffff880      0x108 ./source/emu/kl16z64emu.o
                0x1ffff880                emu
 .data.config   0x1ffff988       0x22 ./source/conf.o
                0x1ffff988                config
 *fill*         0x1ffff9aa        0x2 ff
 .data.parameter
                0x1ffff9ac       0x16 ./source/conf.o
                0x1ffff9ac                parameter
 *fill*         0x1ffff9c2        0x2 ff
 .data.SystemCoreClock
                0x1ffff9c4        0x4 ./CMSIS/system_MKL16Z4.o
                0x1ffff9c4                SystemCoreClock
                0x1ffff9c8                . = ALIGN (0x4)
                0x1ffff9c8                _edata = .

.igot.plt       0x1ffff9c8        0x0 load address 0x0000446c
 .igot.plt      0x1ffff9c8        0x0 ./utilities/fsl_debug_console.o

.bss            0x1ffff9c8      0x2e0 load address 0x0000446c
                0x1ffff9c8                _bss = .
 *(.bss*)
 .bss.ReceivedTel
                0x1ffff9c8        0x1 ./source/modbus/modbus.o
                0x1ffff9c8                ReceivedTel
 *fill*         0x1ffff9c9        0x3 
 .bss.RxdBuf    0x1ffff9cc       0x40 ./source/modbus/modbus.o
                0x1ffff9cc                RxdBuf
 .bss.RxdBytes  0x1ffffa0c        0x1 ./source/modbus/modbus.o
                0x1ffffa0c                RxdBytes
 *fill*         0x1ffffa0d        0x3 
 .bss.RxdTelBuf
                0x1ffffa10       0x40 ./source/modbus/modbus.o
                0x1ffffa10                RxdTelBuf
 .bss.TxdBuf    0x1ffffa50       0x60 ./source/modbus/modbus.o
                0x1ffffa50                TxdBuf
 .bss.TxdBytes  0x1ffffab0        0x1 ./source/modbus/modbus.o
                0x1ffffab0                TxdBytes
 .bss.TxdTelBytes
                0x1ffffab1        0x1 ./source/modbus/modbus.o
                0x1ffffab1                TxdTelBytes
 .bss.comflag_count.5474
                0x1ffffab2        0x1 ./source/modbus/modbus.o
 *fill*         0x1ffffab3        0x1 
 .bss.adc_re    0x1ffffab4        0x4 ./source/emu/kl16z64emu.o
                0x1ffffab4                adc_re
 .bss.ax        0x1ffffab8        0x4 ./source/emu/kl16z64emu.o
                0x1ffffab8                ax
 .bss.ax0       0x1ffffabc        0x4 ./source/emu/kl16z64emu.o
                0x1ffffabc                ax0
 .bss.l.5674    0x1ffffac0        0x4 ./source/emu/kl16z64emu.o
 .bss.vx        0x1ffffac4        0x4 ./source/emu/kl16z64emu.o
                0x1ffffac4                vx
 .bss.vx0       0x1ffffac8        0x4 ./source/emu/kl16z64emu.o
                0x1ffffac8                vx0
 .bss.flash_config
                0x1ffffacc       0x34 ./source/eeprom/kl16z64_flash.o
                0x1ffffacc                flash_config
 .bss.main_loops.5521
                0x1ffffb00        0x4 ./source/LQC2654.o
 .bss.ms1       0x1ffffb04        0x1 ./source/kl16z64.o
                0x1ffffb04                ms1
 *fill*         0x1ffffb05        0x3 
 .bss.g_xtal0Freq
                0x1ffffb08        0x4 ./drivers/fsl_clock.o
                0x1ffffb08                g_xtal0Freq
 .bss.s_DMAHandle
                0x1ffffb0c       0x10 ./drivers/fsl_dma.o
 .bss.callFlashCommonBitOperation
                0x1ffffb1c        0x4 ./drivers/fsl_flash.o
 .bss.callFlashRunCommand
                0x1ffffb20        0x4 ./drivers/fsl_flash.o
 .bss.s_flashCommonBitOperation
                0x1ffffb24       0x40 ./drivers/fsl_flash.o
 .bss.s_flashExecuteInRamFunctionInfo
                0x1ffffb64        0xc ./drivers/fsl_flash.o
 .bss.s_flashRunCommand
                0x1ffffb70       0x40 ./drivers/fsl_flash.o
 .bss.s_i2cHandle
                0x1ffffbb0        0x8 ./drivers/fsl_i2c.o
 .bss.s_i2cMasterIsr
                0x1ffffbb8        0x4 ./drivers/fsl_i2c.o
 .bss.s_i2cSlaveIsr
                0x1ffffbbc        0x4 ./drivers/fsl_i2c.o
 .bss.s_lpsciHandle
                0x1ffffbc0        0x4 ./drivers/fsl_lpsci.o
 .bss.s_lpsciIsr
                0x1ffffbc4        0x4 ./drivers/fsl_lpsci.o
 .bss.s_spiHandle
                0x1ffffbc8        0x8 ./drivers/fsl_spi.o
 .bss.s_spiMasterIsr
                0x1ffffbd0        0x4 ./drivers/fsl_spi.o
 .bss.s_spiSlaveIsr
                0x1ffffbd4        0x4 ./drivers/fsl_spi.o
 .bss.s_uartHandle
                0x1ffffbd8        0xc ./drivers/fsl_uart.o
 .bss.s_uartIsr
                0x1ffffbe4        0x4 ./drivers/fsl_uart.o
 .bss.__Ciob    0x1ffffbe8       0xb4 d:/nxp/mcuxpressoide_10.1.0_589/ide/tools/bin/../lib/gcc/arm-none-eabi/6.3.1/../../../../arm-none-eabi/lib/thumb/v6-m\libcr_semihost_nf.a(__ciob.o)
                0x1ffffbe8                __Ciob
 .bss.__end_of_heap
                0x1ffffc9c        0x4 d:/nxp/mcuxpressoide_10.1.0_589/ide/tools/bin/../lib/gcc/arm-none-eabi/6.3.1/../../../../arm-none-eabi/lib/thumb/v6-m\libcr_c.a(__init_alloc.o)
                0x1ffffc9c                __end_of_heap
 .bss.__heaps   0x1ffffca0        0x4 d:/nxp/mcuxpressoide_10.1.0_589/ide/tools/bin/../lib/gcc/arm-none-eabi/6.3.1/../../../../arm-none-eabi/lib/thumb/v6-m\libcr_c.a(__init_alloc.o)
                0x1ffffca0                __heaps
 .bss.errno     0x1ffffca4        0x4 d:/nxp/mcuxpressoide_10.1.0_589/ide/tools/bin/../lib/gcc/arm-none-eabi/6.3.1/../../../../arm-none-eabi/lib/thumb/v6-m\libcr_c.a(errno.o)
                0x1ffffca4                errno
 *(COMMON)
                0x1ffffca8                . = ALIGN (0x4)
                0x1ffffca8                _ebss = .
                [!provide]                PROVIDE (end, .)

.noinit         0x1ffffca8        0x0 load address 0x0000446c
                0x1ffffca8                _noinit = .
 *(.noinit*)
                0x1ffffca8                . = ALIGN (0x4)
                0x1ffffca8                _end_noinit = .
                0x00000200                _HeapSize = 0x200

.heap           0x1ffffca8      0x200 load address 0x0000446c
                0x1ffffca8                _pvHeapStart = .
                0x1ffffea8                . = (. + _HeapSize)
 *fill*         0x1ffffca8      0x200 
                0x1ffffea8                . = ALIGN (0x4)
                0x1ffffea8                _pvHeapLimit = .
                0x00000200                _StackSize = 0x200

.heap2stackfill
                0x1ffffea8      0x200 load address 0x0000446c
                0x200000a8                . = (. + _StackSize)
 *fill*         0x1ffffea8      0x200 

.stack          0x20001600        0x0
                0x20001600                _vStackBase = .
                0x20001600                . = ALIGN (0x4)
                0x20001800                _vStackTop = (. + _StackSize)
                0x00000000                _image_start = LOADADDR (.text)
                0x0000446c                _image_end = (LOADADDR (.data) + SIZEOF (.data))
                0x0000446c                _image_size = (_image_end - _image_start)
OUTPUT(LQC2654.axf elf32-littlearm)

.debug_info     0x00000000    0x18f6b
 .debug_info    0x00000000      0x644 ./startup/startup_mkl16z4.o
 .debug_info    0x00000644      0xcbd ./source/modbus/modbus.o
 .debug_info    0x00001301     0x1d46 ./source/emu/kl16z64emu.o
 .debug_info    0x00003047      0xe4e ./source/eeprom/kl16z64_flash.o
 .debug_info    0x00003e95      0xf50 ./source/LQC2654.o
 .debug_info    0x00004de5      0x69f ./source/conf.o
 .debug_info    0x00005484     0x1c1e ./source/kl16z64.o
 .debug_info    0x000070a2       0x51 ./source/mtb.o
 .debug_info    0x000070f3       0x3b ./source/semihost_hardfault.o
 .debug_info    0x0000712e      0xc93 ./drivers/fsl_adc16.o
 .debug_info    0x00007dc1     0x2609 ./drivers/fsl_clock.o
 .debug_info    0x0000a3ca     0x12f2 ./drivers/fsl_dma.o
 .debug_info    0x0000b6bc     0x2d3c ./drivers/fsl_flash.o
 .debug_info    0x0000e3f8      0x85d ./drivers/fsl_gpio.o
 .debug_info    0x0000ec55     0x2bb8 ./drivers/fsl_i2c.o
 .debug_info    0x0001180d     0x1e44 ./drivers/fsl_lpsci.o
 .debug_info    0x00013651     0x2207 ./drivers/fsl_spi.o
 .debug_info    0x00015858      0xc30 ./drivers/fsl_tpm.o
 .debug_info    0x00016488     0x1c5c ./drivers/fsl_uart.o
 .debug_info    0x000180e4      0xa15 ./board/clock_config.o
 .debug_info    0x00018af9       0x3b ./board/pin_mux.o
 .debug_info    0x00018b34      0x437 ./CMSIS/system_MKL16Z4.o

.debug_abbrev   0x00000000     0x3c9b
 .debug_abbrev  0x00000000      0x13b ./startup/startup_mkl16z4.o
 .debug_abbrev  0x0000013b      0x33f ./source/modbus/modbus.o
 .debug_abbrev  0x0000047a      0x4a1 ./source/emu/kl16z64emu.o
 .debug_abbrev  0x0000091b      0x2a6 ./source/eeprom/kl16z64_flash.o
 .debug_abbrev  0x00000bc1      0x2d0 ./source/LQC2654.o
 .debug_abbrev  0x00000e91      0x100 ./source/conf.o
 .debug_abbrev  0x00000f91      0x42a ./source/kl16z64.o
 .debug_abbrev  0x000013bb       0x41 ./source/mtb.o
 .debug_abbrev  0x000013fc       0x2f ./source/semihost_hardfault.o
 .debug_abbrev  0x0000142b      0x30d ./drivers/fsl_adc16.o
 .debug_abbrev  0x00001738      0x4a5 ./drivers/fsl_clock.o
 .debug_abbrev  0x00001bdd      0x3d8 ./drivers/fsl_dma.o
 .debug_abbrev  0x00001fb5      0x384 ./drivers/fsl_flash.o
 .debug_abbrev  0x00002339      0x24a ./drivers/fsl_gpio.o
 .debug_abbrev  0x00002583      0x43e ./drivers/fsl_i2c.o
 .debug_abbrev  0x000029c1      0x406 ./drivers/fsl_lpsci.o
 .debug_abbrev  0x00002dc7      0x406 ./drivers/fsl_spi.o
 .debug_abbrev  0x000031cd      0x328 ./drivers/fsl_tpm.o
 .debug_abbrev  0x000034f5      0x411 ./drivers/fsl_uart.o
 .debug_abbrev  0x00003906      0x22a ./board/clock_config.o
 .debug_abbrev  0x00003b30       0x2f ./board/pin_mux.o
 .debug_abbrev  0x00003b5f      0x13c ./CMSIS/system_MKL16Z4.o

.debug_loc      0x00000000    0x11935
 .debug_loc     0x00000000      0x1cc ./startup/startup_mkl16z4.o
 .debug_loc     0x000001cc      0x819 ./source/modbus/modbus.o
 .debug_loc     0x000009e5      0x6cd ./source/emu/kl16z64emu.o
 .debug_loc     0x000010b2      0x336 ./source/eeprom/kl16z64_flash.o
 .debug_loc     0x000013e8      0x140 ./source/LQC2654.o
 .debug_loc     0x00001528      0x5eb ./source/kl16z64.o
 .debug_loc     0x00001b13      0x6a1 ./drivers/fsl_adc16.o
 .debug_loc     0x000021b4     0x156b ./drivers/fsl_clock.o
 .debug_loc     0x0000371f      0xfb1 ./drivers/fsl_dma.o
 .debug_loc     0x000046d0     0x2ecf ./drivers/fsl_flash.o
 .debug_loc     0x0000759f      0x6c0 ./drivers/fsl_gpio.o
 .debug_loc     0x00007c5f     0x3011 ./drivers/fsl_i2c.o
 .debug_loc     0x0000ac70     0x1a9d ./drivers/fsl_lpsci.o
 .debug_loc     0x0000c70d     0x2e1d ./drivers/fsl_spi.o
 .debug_loc     0x0000f52a      0x962 ./drivers/fsl_tpm.o
 .debug_loc     0x0000fe8c     0x1931 ./drivers/fsl_uart.o
 .debug_loc     0x000117bd       0x58 ./board/clock_config.o
 .debug_loc     0x00011815      0x120 ./CMSIS/system_MKL16Z4.o

.debug_aranges  0x00000000      0xba8
 .debug_aranges
                0x00000000      0x160 ./startup/startup_mkl16z4.o
 .debug_aranges
                0x00000160       0x90 ./source/modbus/modbus.o
 .debug_aranges
                0x000001f0       0x50 ./source/emu/kl16z64emu.o
 .debug_aranges
                0x00000240       0x50 ./source/eeprom/kl16z64_flash.o
 .debug_aranges
                0x00000290       0x40 ./source/LQC2654.o
 .debug_aranges
                0x000002d0       0x18 ./source/conf.o
 .debug_aranges
                0x000002e8       0x70 ./source/kl16z64.o
 .debug_aranges
                0x00000358       0x18 ./source/mtb.o
 .debug_aranges
                0x00000370       0x20 ./source/semihost_hardfault.o
 .debug_aranges
                0x00000390       0x70 ./drivers/fsl_adc16.o
 .debug_aranges
                0x00000400      0x158 ./drivers/fsl_clock.o
 .debug_aranges
                0x00000558       0x98 ./drivers/fsl_dma.o
 .debug_aranges
                0x000005f0       0xe8 ./drivers/fsl_flash.o
 .debug_aranges
                0x000006d8       0x48 ./drivers/fsl_gpio.o
 .debug_aranges
                0x00000720      0x108 ./drivers/fsl_i2c.o
 .debug_aranges
                0x00000828       0xd8 ./drivers/fsl_lpsci.o
 .debug_aranges
                0x00000900       0xe8 ./drivers/fsl_spi.o
 .debug_aranges
                0x000009e8       0x70 ./drivers/fsl_tpm.o
 .debug_aranges
                0x00000a58       0xe0 ./drivers/fsl_uart.o
 .debug_aranges
                0x00000b38       0x28 ./board/clock_config.o
 .debug_aranges
                0x00000b60       0x20 ./board/pin_mux.o
 .debug_aranges
                0x00000b80       0x28 ./CMSIS/system_MKL16Z4.o

.debug_ranges   0x00000000     0x3078
 .debug_ranges  0x00000000      0x150 ./startup/startup_mkl16z4.o
 .debug_ranges  0x00000150      0x1f8 ./source/modbus/modbus.o
 .debug_ranges  0x00000348      0x350 ./source/emu/kl16z64emu.o
 .debug_ranges  0x00000698      0x108 ./source/eeprom/kl16z64_flash.o
 .debug_ranges  0x000007a0       0xf0 ./source/LQC2654.o
 .debug_ranges  0x00000890      0x330 ./source/kl16z64.o
 .debug_ranges  0x00000bc0       0x10 ./source/semihost_hardfault.o
 .debug_ranges  0x00000bd0       0xc0 ./drivers/fsl_adc16.o
 .debug_ranges  0x00000c90      0x838 ./drivers/fsl_clock.o
 .debug_ranges  0x000014c8      0x1f0 ./drivers/fsl_dma.o
 .debug_ranges  0x000016b8      0x728 ./drivers/fsl_flash.o
 .debug_ranges  0x00001de0       0xe8 ./drivers/fsl_gpio.o
 .debug_ranges  0x00001ec8      0x6b0 ./drivers/fsl_i2c.o
 .debug_ranges  0x00002578      0x210 ./drivers/fsl_lpsci.o
 .debug_ranges  0x00002788      0x4b0 ./drivers/fsl_spi.o
 .debug_ranges  0x00002c38       0xa8 ./drivers/fsl_tpm.o
 .debug_ranges  0x00002ce0      0x298 ./drivers/fsl_uart.o
 .debug_ranges  0x00002f78       0xd8 ./board/clock_config.o
 .debug_ranges  0x00003050       0x10 ./board/pin_mux.o
 .debug_ranges  0x00003060       0x18 ./CMSIS/system_MKL16Z4.o

.debug_macro    0x00000000     0x1a00
 .debug_macro   0x00000000       0x23 ./startup/startup_mkl16z4.o
 .debug_macro   0x00000023      0x153 ./source/modbus/modbus.o
 .debug_macro   0x00000176       0x34 ./source/modbus/modbus.o
 .debug_macro   0x000001aa       0x16 ./source/modbus/modbus.o
 .debug_macro   0x000001c0       0x10 ./source/modbus/modbus.o
 .debug_macro   0x000001d0      0x1f3 ./source/emu/kl16z64emu.o
 .debug_macro   0x000003c3       0x10 ./source/emu/kl16z64emu.o
 .debug_macro   0x000003d3       0x10 ./source/emu/kl16z64emu.o
 .debug_macro   0x000003e3      0x16e ./source/eeprom/kl16z64_flash.o
 .debug_macro   0x00000551       0x43 ./source/eeprom/kl16z64_flash.o
 .debug_macro   0x00000594      0x18b ./source/LQC2654.o
 .debug_macro   0x0000071f       0xd8 ./source/LQC2654.o
 .debug_macro   0x000007f7       0x10 ./source/LQC2654.o
 .debug_macro   0x00000807       0x10 ./source/LQC2654.o
 .debug_macro   0x00000817       0x10 ./source/LQC2654.o
 .debug_macro   0x00000827      0x153 ./source/conf.o
 .debug_macro   0x0000097a      0x162 ./source/kl16z64.o
 .debug_macro   0x00000adc       0x2f ./source/mtb.o
 .debug_macro   0x00000b0b       0x82 ./source/mtb.o
 .debug_macro   0x00000b8d       0x10 ./source/mtb.o
 .debug_macro   0x00000b9d       0x11 ./source/semihost_hardfault.o
 .debug_macro   0x00000bae       0xec ./drivers/fsl_adc16.o
 .debug_macro   0x00000c9a      0x196 ./drivers/fsl_clock.o
 .debug_macro   0x00000e30       0xec ./drivers/fsl_dma.o
 .debug_macro   0x00000f1c      0x347 ./drivers/fsl_flash.o
 .debug_macro   0x00001263       0x43 ./drivers/fsl_flash.o
 .debug_macro   0x000012a6       0xec ./drivers/fsl_gpio.o
 .debug_macro   0x00001392       0xeb ./drivers/fsl_i2c.o
 .debug_macro   0x0000147d       0x10 ./drivers/fsl_i2c.o
 .debug_macro   0x0000148d       0xec ./drivers/fsl_lpsci.o
 .debug_macro   0x00001579       0xeb ./drivers/fsl_spi.o
 .debug_macro   0x00001664       0xf2 ./drivers/fsl_tpm.o
 .debug_macro   0x00001756       0xf2 ./drivers/fsl_uart.o
 .debug_macro   0x00001848      0x109 ./board/clock_config.o
 .debug_macro   0x00001951       0x1b ./board/pin_mux.o
 .debug_macro   0x0000196c       0x94 ./CMSIS/system_MKL16Z4.o

.debug_line     0x00000000     0x75ef
 .debug_line    0x00000000      0x12a ./startup/startup_mkl16z4.o
 .debug_line    0x0000012a      0x71c ./source/modbus/modbus.o
 .debug_line    0x00000846      0x710 ./source/emu/kl16z64emu.o
 .debug_line    0x00000f56      0x511 ./source/eeprom/kl16z64_flash.o
 .debug_line    0x00001467      0x489 ./source/LQC2654.o
 .debug_line    0x000018f0      0x301 ./source/conf.o
 .debug_line    0x00001bf1      0x66a ./source/kl16z64.o
 .debug_line    0x0000225b       0x95 ./source/mtb.o
 .debug_line    0x000022f0       0x50 ./source/semihost_hardfault.o
 .debug_line    0x00002340      0x3c3 ./drivers/fsl_adc16.o
 .debug_line    0x00002703      0xbc0 ./drivers/fsl_clock.o
 .debug_line    0x000032c3      0x527 ./drivers/fsl_dma.o
 .debug_line    0x000037ea      0xa70 ./drivers/fsl_flash.o
 .debug_line    0x0000425a      0x2ff ./drivers/fsl_gpio.o
 .debug_line    0x00004559      0xcda ./drivers/fsl_i2c.o
 .debug_line    0x00005233      0x7a2 ./drivers/fsl_lpsci.o
 .debug_line    0x000059d5      0xa8c ./drivers/fsl_spi.o
 .debug_line    0x00006461      0x4aa ./drivers/fsl_tpm.o
 .debug_line    0x0000690b      0x7aa ./drivers/fsl_uart.o
 .debug_line    0x000070b5      0x2e1 ./board/clock_config.o
 .debug_line    0x00007396       0x50 ./board/pin_mux.o
 .debug_line    0x000073e6      0x209 ./CMSIS/system_MKL16Z4.o

.debug_str      0x00000000    0x37f72
 .debug_str     0x00000000     0x2942 ./startup/startup_mkl16z4.o
                               0x2977 (size before relaxing)
 .debug_str     0x00002942    0x2bff6 ./source/modbus/modbus.o
                              0x2e7bf (size before relaxing)
 .debug_str     0x0002e938     0x11a3 ./source/emu/kl16z64emu.o
                              0x2f888 (size before relaxing)
 .debug_str     0x0002fadb      0x3c0 ./source/eeprom/kl16z64_flash.o
                              0x2ea86 (size before relaxing)
 .debug_str     0x0002fe9b      0x8c2 ./source/LQC2654.o
                              0x2ecdf (size before relaxing)
 .debug_str     0x0003075d       0x11 ./source/conf.o
                              0x2e648 (size before relaxing)
 .debug_str     0x0003076e      0x56f ./source/kl16z64.o
                              0x2f2b1 (size before relaxing)
 .debug_str     0x00030cdd      0x532 ./source/mtb.o
                               0x2a6d (size before relaxing)
 .debug_str     0x0003120f       0x1f ./source/semihost_hardfault.o
                               0x255e (size before relaxing)
 .debug_str     0x0003122e      0x49e ./drivers/fsl_adc16.o
                              0x2e9d5 (size before relaxing)
 .debug_str     0x000316cc     0x12dd ./drivers/fsl_clock.o
                              0x2f9a1 (size before relaxing)
 .debug_str     0x000329a9      0x77b ./drivers/fsl_dma.o
                              0x2ea12 (size before relaxing)
 .debug_str     0x00033124     0x224b ./drivers/fsl_flash.o
                              0x30987 (size before relaxing)
 .debug_str     0x0003536f       0xc5 ./drivers/fsl_gpio.o
                              0x2e499 (size before relaxing)
 .debug_str     0x00035434      0xc45 ./drivers/fsl_i2c.o
                              0x2f3c1 (size before relaxing)
 .debug_str     0x00036079      0xa3a ./drivers/fsl_lpsci.o
                              0x2f1c0 (size before relaxing)
 .debug_str     0x00036ab3      0x932 ./drivers/fsl_spi.o
                              0x2f109 (size before relaxing)
 .debug_str     0x000373e5      0x523 ./drivers/fsl_tpm.o
                              0x2e921 (size before relaxing)
 .debug_str     0x00037908      0x52b ./drivers/fsl_uart.o
                              0x2f1e3 (size before relaxing)
 .debug_str     0x00037e33       0xd3 ./board/clock_config.o
                              0x2e841 (size before relaxing)
 .debug_str     0x00037f06       0x13 ./board/pin_mux.o
                               0x2560 (size before relaxing)
 .debug_str     0x00037f19       0x59 ./CMSIS/system_MKL16Z4.o
                              0x2d4fd (size before relaxing)

.comment        0x00000000       0x7f
 .comment       0x00000000       0x7f ./startup/startup_mkl16z4.o
                                 0x80 (size before relaxing)
 .comment       0x0000007f       0x80 ./source/modbus/modbus.o
 .comment       0x0000007f       0x80 ./source/emu/kl16z64emu.o
 .comment       0x0000007f       0x80 ./source/eeprom/kl16z64_flash.o
 .comment       0x0000007f       0x80 ./source/LQC2654.o
 .comment       0x0000007f       0x80 ./source/conf.o
 .comment       0x0000007f       0x80 ./source/kl16z64.o
 .comment       0x0000007f       0x80 ./source/mtb.o
 .comment       0x0000007f       0x80 ./source/semihost_hardfault.o
 .comment       0x0000007f       0x80 ./drivers/fsl_adc16.o
 .comment       0x0000007f       0x80 ./drivers/fsl_clock.o
 .comment       0x0000007f       0x80 ./drivers/fsl_dma.o
 .comment       0x0000007f       0x80 ./drivers/fsl_flash.o
 .comment       0x0000007f       0x80 ./drivers/fsl_gpio.o
 .comment       0x0000007f       0x80 ./drivers/fsl_i2c.o
 .comment       0x0000007f       0x80 ./drivers/fsl_lpsci.o
 .comment       0x0000007f       0x80 ./drivers/fsl_spi.o
 .comment       0x0000007f       0x80 ./drivers/fsl_tpm.o
 .comment       0x0000007f       0x80 ./drivers/fsl_uart.o
 .comment       0x0000007f       0x80 ./board/clock_config.o
 .comment       0x0000007f       0x80 ./board/pin_mux.o
 .comment       0x0000007f       0x80 ./CMSIS/system_MKL16Z4.o
 .comment       0x0000007f       0x80 d:/nxp/mcuxpressoide_10.1.0_589/ide/tools/bin/../lib/gcc/arm-none-eabi/6.3.1/../../../../arm-none-eabi/lib/thumb/v6-m\libcr_semihost_nf.a(_cr__main.o)
 .comment       0x0000007f       0x80 d:/nxp/mcuxpressoide_10.1.0_589/ide/tools/bin/../lib/gcc/arm-none-eabi/6.3.1/../../../../arm-none-eabi/lib/thumb/v6-m\libcr_semihost_nf.a(_cr_assert.o)
 .comment       0x0000007f       0x80 d:/nxp/mcuxpressoide_10.1.0_589/ide/tools/bin/../lib/gcc/arm-none-eabi/6.3.1/../../../../arm-none-eabi/lib/thumb/v6-m\libcr_semihost_nf.a(__ciob.o)
 .comment       0x0000007f       0x80 d:/nxp/mcuxpressoide_10.1.0_589/ide/tools/bin/../lib/gcc/arm-none-eabi/6.3.1/../../../../arm-none-eabi/lib/thumb/v6-m\libcr_c.a(memcpy.o)
 .comment       0x0000007f       0x80 d:/nxp/mcuxpressoide_10.1.0_589/ide/tools/bin/../lib/gcc/arm-none-eabi/6.3.1/../../../../arm-none-eabi/lib/thumb/v6-m\libcr_c.a(memset.o)
 .comment       0x0000007f       0x80 d:/nxp/mcuxpressoide_10.1.0_589/ide/tools/bin/../lib/gcc/arm-none-eabi/6.3.1/../../../../arm-none-eabi/lib/thumb/v6-m\libcr_c.a(_deferredlazyseek.o)
 .comment       0x0000007f       0x80 d:/nxp/mcuxpressoide_10.1.0_589/ide/tools/bin/../lib/gcc/arm-none-eabi/6.3.1/../../../../arm-none-eabi/lib/thumb/v6-m\libcr_c.a(_fflush.o)
 .comment       0x0000007f       0x80 d:/nxp/mcuxpressoide_10.1.0_589/ide/tools/bin/../lib/gcc/arm-none-eabi/6.3.1/../../../../arm-none-eabi/lib/thumb/v6-m\libcr_c.a(_writebuf.o)
 .comment       0x0000007f       0x80 d:/nxp/mcuxpressoide_10.1.0_589/ide/tools/bin/../lib/gcc/arm-none-eabi/6.3.1/../../../../arm-none-eabi/lib/thumb/v6-m\libcr_c.a(alloc.o)
 .comment       0x0000007f       0x80 d:/nxp/mcuxpressoide_10.1.0_589/ide/tools/bin/../lib/gcc/arm-none-eabi/6.3.1/../../../../arm-none-eabi/lib/thumb/v6-m\libcr_c.a(fputs.o)
 .comment       0x0000007f       0x80 d:/nxp/mcuxpressoide_10.1.0_589/ide/tools/bin/../lib/gcc/arm-none-eabi/6.3.1/../../../../arm-none-eabi/lib/thumb/v6-m\libcr_c.a(fseek.o)
 .comment       0x0000007f       0x80 d:/nxp/mcuxpressoide_10.1.0_589/ide/tools/bin/../lib/gcc/arm-none-eabi/6.3.1/../../../../arm-none-eabi/lib/thumb/v6-m\libcr_c.a(ftell.o)
 .comment       0x0000007f       0x80 d:/nxp/mcuxpressoide_10.1.0_589/ide/tools/bin/../lib/gcc/arm-none-eabi/6.3.1/../../../../arm-none-eabi/lib/thumb/v6-m\libcr_c.a(initio.o)
 .comment       0x0000007f       0x80 d:/nxp/mcuxpressoide_10.1.0_589/ide/tools/bin/../lib/gcc/arm-none-eabi/6.3.1/../../../../arm-none-eabi/lib/thumb/v6-m\libcr_c.a(setvbuf.o)
 .comment       0x0000007f       0x80 d:/nxp/mcuxpressoide_10.1.0_589/ide/tools/bin/../lib/gcc/arm-none-eabi/6.3.1/../../../../arm-none-eabi/lib/thumb/v6-m\libcr_c.a(__init_alloc.o)
 .comment       0x0000007f       0x80 d:/nxp/mcuxpressoide_10.1.0_589/ide/tools/bin/../lib/gcc/arm-none-eabi/6.3.1/../../../../arm-none-eabi/lib/thumb/v6-m\libcr_c.a(_cr_sbrk.o)
 .comment       0x0000007f       0x80 d:/nxp/mcuxpressoide_10.1.0_589/ide/tools/bin/../lib/gcc/arm-none-eabi/6.3.1/../../../../arm-none-eabi/lib/thumb/v6-m\libcr_c.a(_fdopen.o)
 .comment       0x0000007f       0x80 d:/nxp/mcuxpressoide_10.1.0_589/ide/tools/bin/../lib/gcc/arm-none-eabi/6.3.1/../../../../arm-none-eabi/lib/thumb/v6-m\libcr_c.a(errno.o)
 .comment       0x0000007f       0x80 d:/nxp/mcuxpressoide_10.1.0_589/ide/tools/bin/../lib/gcc/arm-none-eabi/6.3.1/../../../../arm-none-eabi/lib/thumb/v6-m\libcr_c.a(fclose.o)
 .comment       0x0000007f       0x80 d:/nxp/mcuxpressoide_10.1.0_589/ide/tools/bin/../lib/gcc/arm-none-eabi/6.3.1/../../../../arm-none-eabi/lib/thumb/v6-m\libcr_c.a(fflush.o)
 .comment       0x0000007f       0x80 d:/nxp/mcuxpressoide_10.1.0_589/ide/tools/bin/../lib/gcc/arm-none-eabi/6.3.1/../../../../arm-none-eabi/lib/thumb/v6-m\libcr_c.a(remove.o)
 .comment       0x0000007f       0x80 d:/nxp/mcuxpressoide_10.1.0_589/ide/tools/bin/../lib/gcc/arm-none-eabi/6.3.1/../../../../arm-none-eabi/lib/thumb/v6-m\libcr_c.a(strlen.o)
 .comment       0x0000007f       0x80 d:/nxp/mcuxpressoide_10.1.0_589/ide/tools/bin/../lib/gcc/arm-none-eabi/6.3.1/../../../../arm-none-eabi/lib/thumb/v6-m\libcr_c.a(_cr_check_heap.o)
 .comment       0x0000007f       0x80 d:/nxp/mcuxpressoide_10.1.0_589/ide/tools/bin/../lib/gcc/arm-none-eabi/6.3.1/../../../../arm-none-eabi/lib/thumb/v6-m\libcr_c.a(_do_fflush.o)
 .comment       0x0000007f       0x80 d:/nxp/mcuxpressoide_10.1.0_589/ide/tools/bin/../lib/gcc/arm-none-eabi/6.3.1/thumb/v6-m\libcr_eabihelpers.a(double.o)
 .comment       0x0000007f       0x80 d:/nxp/mcuxpressoide_10.1.0_589/ide/tools/bin/../lib/gcc/arm-none-eabi/6.3.1/thumb/v6-m\libcr_eabihelpers.a(float.o)

.ARM.attributes
                0x00000000       0x30
 .ARM.attributes
                0x00000000       0x32 ./startup/startup_mkl16z4.o
 .ARM.attributes
                0x00000032       0x32 ./source/modbus/modbus.o
 .ARM.attributes
                0x00000064       0x32 ./source/emu/kl16z64emu.o
 .ARM.attributes
                0x00000096       0x32 ./source/eeprom/kl16z64_flash.o
 .ARM.attributes
                0x000000c8       0x32 ./source/LQC2654.o
 .ARM.attributes
                0x000000fa       0x32 ./source/conf.o
 .ARM.attributes
                0x0000012c       0x32 ./source/kl16z64.o
 .ARM.attributes
                0x0000015e       0x32 ./source/mtb.o
 .ARM.attributes
                0x00000190       0x32 ./source/semihost_hardfault.o
 .ARM.attributes
                0x000001c2       0x32 ./drivers/fsl_adc16.o
 .ARM.attributes
                0x000001f4       0x32 ./drivers/fsl_clock.o
 .ARM.attributes
                0x00000226       0x32 ./drivers/fsl_dma.o
 .ARM.attributes
                0x00000258       0x32 ./drivers/fsl_flash.o
 .ARM.attributes
                0x0000028a       0x32 ./drivers/fsl_gpio.o
 .ARM.attributes
                0x000002bc       0x32 ./drivers/fsl_i2c.o
 .ARM.attributes
                0x000002ee       0x32 ./drivers/fsl_lpsci.o
 .ARM.attributes
                0x00000320       0x32 ./drivers/fsl_spi.o
 .ARM.attributes
                0x00000352       0x32 ./drivers/fsl_tpm.o
 .ARM.attributes
                0x00000384       0x32 ./drivers/fsl_uart.o
 .ARM.attributes
                0x000003b6       0x32 ./board/clock_config.o
 .ARM.attributes
                0x000003e8       0x32 ./board/pin_mux.o
 .ARM.attributes
                0x0000041a       0x32 ./CMSIS/system_MKL16Z4.o
 .ARM.attributes
                0x0000044c       0x31 d:/nxp/mcuxpressoide_10.1.0_589/ide/tools/bin/../lib/gcc/arm-none-eabi/6.3.1/../../../../arm-none-eabi/lib/thumb/v6-m\libcr_semihost_nf.a(_cr__main.o)
 .ARM.attributes
                0x0000047d       0x31 d:/nxp/mcuxpressoide_10.1.0_589/ide/tools/bin/../lib/gcc/arm-none-eabi/6.3.1/../../../../arm-none-eabi/lib/thumb/v6-m\libcr_semihost_nf.a(_cr_assert.o)
 .ARM.attributes
                0x000004ae       0x31 d:/nxp/mcuxpressoide_10.1.0_589/ide/tools/bin/../lib/gcc/arm-none-eabi/6.3.1/../../../../arm-none-eabi/lib/thumb/v6-m\libcr_semihost_nf.a(__ciob.o)
 .ARM.attributes
                0x000004df       0x21 d:/nxp/mcuxpressoide_10.1.0_589/ide/tools/bin/../lib/gcc/arm-none-eabi/6.3.1/../../../../arm-none-eabi/lib/thumb/v6-m\libcr_semihost_nf.a(__sys_appexit.o)
 .ARM.attributes
                0x00000500       0x31 d:/nxp/mcuxpressoide_10.1.0_589/ide/tools/bin/../lib/gcc/arm-none-eabi/6.3.1/../../../../arm-none-eabi/lib/thumb/v6-m\libcr_c.a(memcpy.o)
 .ARM.attributes
                0x00000531       0x31 d:/nxp/mcuxpressoide_10.1.0_589/ide/tools/bin/../lib/gcc/arm-none-eabi/6.3.1/../../../../arm-none-eabi/lib/thumb/v6-m\libcr_c.a(memset.o)
 .ARM.attributes
                0x00000562       0x31 d:/nxp/mcuxpressoide_10.1.0_589/ide/tools/bin/../lib/gcc/arm-none-eabi/6.3.1/../../../../arm-none-eabi/lib/thumb/v6-m\libcr_c.a(_deferredlazyseek.o)
 .ARM.attributes
                0x00000593       0x31 d:/nxp/mcuxpressoide_10.1.0_589/ide/tools/bin/../lib/gcc/arm-none-eabi/6.3.1/../../../../arm-none-eabi/lib/thumb/v6-m\libcr_c.a(_fflush.o)
 .ARM.attributes
                0x000005c4       0x31 d:/nxp/mcuxpressoide_10.1.0_589/ide/tools/bin/../lib/gcc/arm-none-eabi/6.3.1/../../../../arm-none-eabi/lib/thumb/v6-m\libcr_c.a(_writebuf.o)
 .ARM.attributes
                0x000005f5       0x31 d:/nxp/mcuxpressoide_10.1.0_589/ide/tools/bin/../lib/gcc/arm-none-eabi/6.3.1/../../../../arm-none-eabi/lib/thumb/v6-m\libcr_c.a(alloc.o)
 .ARM.attributes
                0x00000626       0x31 d:/nxp/mcuxpressoide_10.1.0_589/ide/tools/bin/../lib/gcc/arm-none-eabi/6.3.1/../../../../arm-none-eabi/lib/thumb/v6-m\libcr_c.a(fputs.o)
 .ARM.attributes
                0x00000657       0x31 d:/nxp/mcuxpressoide_10.1.0_589/ide/tools/bin/../lib/gcc/arm-none-eabi/6.3.1/../../../../arm-none-eabi/lib/thumb/v6-m\libcr_c.a(fseek.o)
 .ARM.attributes
                0x00000688       0x31 d:/nxp/mcuxpressoide_10.1.0_589/ide/tools/bin/../lib/gcc/arm-none-eabi/6.3.1/../../../../arm-none-eabi/lib/thumb/v6-m\libcr_c.a(ftell.o)
 .ARM.attributes
                0x000006b9       0x31 d:/nxp/mcuxpressoide_10.1.0_589/ide/tools/bin/../lib/gcc/arm-none-eabi/6.3.1/../../../../arm-none-eabi/lib/thumb/v6-m\libcr_c.a(initio.o)
 .ARM.attributes
                0x000006ea       0x31 d:/nxp/mcuxpressoide_10.1.0_589/ide/tools/bin/../lib/gcc/arm-none-eabi/6.3.1/../../../../arm-none-eabi/lib/thumb/v6-m\libcr_c.a(setvbuf.o)
 .ARM.attributes
                0x0000071b       0x31 d:/nxp/mcuxpressoide_10.1.0_589/ide/tools/bin/../lib/gcc/arm-none-eabi/6.3.1/../../../../arm-none-eabi/lib/thumb/v6-m\libcr_c.a(__init_alloc.o)
 .ARM.attributes
                0x0000074c       0x31 d:/nxp/mcuxpressoide_10.1.0_589/ide/tools/bin/../lib/gcc/arm-none-eabi/6.3.1/../../../../arm-none-eabi/lib/thumb/v6-m\libcr_c.a(_cr_sbrk.o)
 .ARM.attributes
                0x0000077d       0x31 d:/nxp/mcuxpressoide_10.1.0_589/ide/tools/bin/../lib/gcc/arm-none-eabi/6.3.1/../../../../arm-none-eabi/lib/thumb/v6-m\libcr_c.a(_fdopen.o)
 .ARM.attributes
                0x000007ae       0x31 d:/nxp/mcuxpressoide_10.1.0_589/ide/tools/bin/../lib/gcc/arm-none-eabi/6.3.1/../../../../arm-none-eabi/lib/thumb/v6-m\libcr_c.a(errno.o)
 .ARM.attributes
                0x000007df       0x31 d:/nxp/mcuxpressoide_10.1.0_589/ide/tools/bin/../lib/gcc/arm-none-eabi/6.3.1/../../../../arm-none-eabi/lib/thumb/v6-m\libcr_c.a(fclose.o)
 .ARM.attributes
                0x00000810       0x31 d:/nxp/mcuxpressoide_10.1.0_589/ide/tools/bin/../lib/gcc/arm-none-eabi/6.3.1/../../../../arm-none-eabi/lib/thumb/v6-m\libcr_c.a(fflush.o)
 .ARM.attributes
                0x00000841       0x31 d:/nxp/mcuxpressoide_10.1.0_589/ide/tools/bin/../lib/gcc/arm-none-eabi/6.3.1/../../../../arm-none-eabi/lib/thumb/v6-m\libcr_c.a(remove.o)
 .ARM.attributes
                0x00000872       0x31 d:/nxp/mcuxpressoide_10.1.0_589/ide/tools/bin/../lib/gcc/arm-none-eabi/6.3.1/../../../../arm-none-eabi/lib/thumb/v6-m\libcr_c.a(strlen.o)
 .ARM.attributes
                0x000008a3       0x31 d:/nxp/mcuxpressoide_10.1.0_589/ide/tools/bin/../lib/gcc/arm-none-eabi/6.3.1/../../../../arm-none-eabi/lib/thumb/v6-m\libcr_c.a(_cr_check_heap.o)
 .ARM.attributes
                0x000008d4       0x31 d:/nxp/mcuxpressoide_10.1.0_589/ide/tools/bin/../lib/gcc/arm-none-eabi/6.3.1/../../../../arm-none-eabi/lib/thumb/v6-m\libcr_c.a(_do_fflush.o)
 .ARM.attributes
                0x00000905       0x21 d:/nxp/mcuxpressoide_10.1.0_589/ide/tools/bin/../lib/gcc/arm-none-eabi/6.3.1/thumb/v6-m\libcr_eabihelpers.a(division_32.o)
 .ARM.attributes
                0x00000926       0x21 d:/nxp/mcuxpressoide_10.1.0_589/ide/tools/bin/../lib/gcc/arm-none-eabi/6.3.1/thumb/v6-m\libcr_eabihelpers.a(division_idiv0.o)
 .ARM.attributes
                0x00000947       0x31 d:/nxp/mcuxpressoide_10.1.0_589/ide/tools/bin/../lib/gcc/arm-none-eabi/6.3.1/thumb/v6-m\libcr_eabihelpers.a(double.o)
 .ARM.attributes
                0x00000978       0x31 d:/nxp/mcuxpressoide_10.1.0_589/ide/tools/bin/../lib/gcc/arm-none-eabi/6.3.1/thumb/v6-m\libcr_eabihelpers.a(float.o)
 .ARM.attributes
                0x000009a9       0x21 d:/nxp/mcuxpressoide_10.1.0_589/ide/tools/bin/../lib/gcc/arm-none-eabi/6.3.1/thumb/v6-m\libcr_eabihelpers.a(llong.o)
 .ARM.attributes
                0x000009ca       0x21 d:/nxp/mcuxpressoide_10.1.0_589/ide/tools/bin/../lib/gcc/arm-none-eabi/6.3.1/thumb/v6-m\libcr_eabihelpers.a(memcpy.o)
 .ARM.attributes
                0x000009eb       0x21 d:/nxp/mcuxpressoide_10.1.0_589/ide/tools/bin/../lib/gcc/arm-none-eabi/6.3.1/../../../../arm-none-eabi/lib/thumb/v6-m\libcr_semihost_nf.a(__sys_close.o)
 .ARM.attributes
                0x00000a0c       0x21 d:/nxp/mcuxpressoide_10.1.0_589/ide/tools/bin/../lib/gcc/arm-none-eabi/6.3.1/../../../../arm-none-eabi/lib/thumb/v6-m\libcr_semihost_nf.a(__sys_flen.o)
 .ARM.attributes
                0x00000a2d       0x21 d:/nxp/mcuxpressoide_10.1.0_589/ide/tools/bin/../lib/gcc/arm-none-eabi/6.3.1/../../../../arm-none-eabi/lib/thumb/v6-m\libcr_semihost_nf.a(__sys_istty.o)
 .ARM.attributes
                0x00000a4e       0x21 d:/nxp/mcuxpressoide_10.1.0_589/ide/tools/bin/../lib/gcc/arm-none-eabi/6.3.1/../../../../arm-none-eabi/lib/thumb/v6-m\libcr_semihost_nf.a(__sys_remove.o)
 .ARM.attributes
                0x00000a6f       0x21 d:/nxp/mcuxpressoide_10.1.0_589/ide/tools/bin/../lib/gcc/arm-none-eabi/6.3.1/../../../../arm-none-eabi/lib/thumb/v6-m\libcr_semihost_nf.a(__sys_seek.o)
 .ARM.attributes
                0x00000a90       0x21 d:/nxp/mcuxpressoide_10.1.0_589/ide/tools/bin/../lib/gcc/arm-none-eabi/6.3.1/../../../../arm-none-eabi/lib/thumb/v6-m\libcr_semihost_nf.a(__sys_tmpnam.o)
 .ARM.attributes
                0x00000ab1       0x21 d:/nxp/mcuxpressoide_10.1.0_589/ide/tools/bin/../lib/gcc/arm-none-eabi/6.3.1/../../../../arm-none-eabi/lib/thumb/v6-m\libcr_semihost_nf.a(__sys_write.o)

.debug_frame    0x00000000     0x20e0
 .debug_frame   0x00000000      0x3b0 ./startup/startup_mkl16z4.o
 .debug_frame   0x000003b0      0x1c0 ./source/modbus/modbus.o
 .debug_frame   0x00000570      0x104 ./source/emu/kl16z64emu.o
 .debug_frame   0x00000674       0xd8 ./source/eeprom/kl16z64_flash.o
 .debug_frame   0x0000074c       0x88 ./source/LQC2654.o
 .debug_frame   0x000007d4      0x11c ./source/kl16z64.o
 .debug_frame   0x000008f0       0x20 ./source/semihost_hardfault.o
 .debug_frame   0x00000910      0x104 ./drivers/fsl_adc16.o
 .debug_frame   0x00000a14      0x430 ./drivers/fsl_clock.o
 .debug_frame   0x00000e44      0x1a4 ./drivers/fsl_dma.o
 .debug_frame   0x00000fe8      0x2e0 ./drivers/fsl_flash.o
 .debug_frame   0x000012c8       0xa0 ./drivers/fsl_gpio.o
 .debug_frame   0x00001368      0x38c ./drivers/fsl_i2c.o
 .debug_frame   0x000016f4      0x288 ./drivers/fsl_lpsci.o
 .debug_frame   0x0000197c      0x2d0 ./drivers/fsl_spi.o
 .debug_frame   0x00001c4c      0x13c ./drivers/fsl_tpm.o
 .debug_frame   0x00001d88      0x2bc ./drivers/fsl_uart.o
 .debug_frame   0x00002044       0x40 ./board/clock_config.o
 .debug_frame   0x00002084       0x20 ./board/pin_mux.o
 .debug_frame   0x000020a4       0x3c ./CMSIS/system_MKL16Z4.o
