Archive member included to satisfy reference by file (symbol)

c:/nxp/mcuxpressoide_10.1.0_589/ide/tools/bin/../lib/gcc/arm-none-eabi/6.3.1/../../../../arm-none-eabi/lib/thumb/v6-m\libcr_semihost_nf.a(_cr__main.o)
                              ./startup/startup_mkl16z4.o (__main)
c:/nxp/mcuxpressoide_10.1.0_589/ide/tools/bin/../lib/gcc/arm-none-eabi/6.3.1/../../../../arm-none-eabi/lib/thumb/v6-m\libcr_semihost_nf.a(_cr_assert.o)
                              ./source/LQC2654.o (__assertion_failed)
c:/nxp/mcuxpressoide_10.1.0_589/ide/tools/bin/../lib/gcc/arm-none-eabi/6.3.1/../../../../arm-none-eabi/lib/thumb/v6-m\libcr_semihost_nf.a(__ciob.o)
                              c:/nxp/mcuxpressoide_10.1.0_589/ide/tools/bin/../lib/gcc/arm-none-eabi/6.3.1/../../../../arm-none-eabi/lib/thumb/v6-m\libcr_semihost_nf.a(_cr_assert.o) (__Ciob)
c:/nxp/mcuxpressoide_10.1.0_589/ide/tools/bin/../lib/gcc/arm-none-eabi/6.3.1/../../../../arm-none-eabi/lib/thumb/v6-m\libcr_semihost_nf.a(__sys_appexit.o)
                              c:/nxp/mcuxpressoide_10.1.0_589/ide/tools/bin/../lib/gcc/arm-none-eabi/6.3.1/../../../../arm-none-eabi/lib/thumb/v6-m\libcr_semihost_nf.a(_cr_assert.o) (__sys_appexit)
c:/nxp/mcuxpressoide_10.1.0_589/ide/tools/bin/../lib/gcc/arm-none-eabi/6.3.1/../../../../arm-none-eabi/lib/thumb/v6-m\libcr_c.a(memcpy.o)
                              ./drivers/fsl_flash.o (memcpy)
c:/nxp/mcuxpressoide_10.1.0_589/ide/tools/bin/../lib/gcc/arm-none-eabi/6.3.1/../../../../arm-none-eabi/lib/thumb/v6-m\libcr_c.a(memset.o)
                              ./drivers/fsl_dma.o (memset)
c:/nxp/mcuxpressoide_10.1.0_589/ide/tools/bin/../lib/gcc/arm-none-eabi/6.3.1/../../../../arm-none-eabi/lib/thumb/v6-m\libcr_c.a(_deferredlazyseek.o)
                              c:/nxp/mcuxpressoide_10.1.0_589/ide/tools/bin/../lib/gcc/arm-none-eabi/6.3.1/../../../../arm-none-eabi/lib/thumb/v6-m\libcr_semihost_nf.a(_cr_assert.o) (__flsbuf)
c:/nxp/mcuxpressoide_10.1.0_589/ide/tools/bin/../lib/gcc/arm-none-eabi/6.3.1/../../../../arm-none-eabi/lib/thumb/v6-m\libcr_c.a(_fflush.o)
                              c:/nxp/mcuxpressoide_10.1.0_589/ide/tools/bin/../lib/gcc/arm-none-eabi/6.3.1/../../../../arm-none-eabi/lib/thumb/v6-m\libcr_c.a(_deferredlazyseek.o) (_fflush)
c:/nxp/mcuxpressoide_10.1.0_589/ide/tools/bin/../lib/gcc/arm-none-eabi/6.3.1/../../../../arm-none-eabi/lib/thumb/v6-m\libcr_c.a(_writebuf.o)
                              c:/nxp/mcuxpressoide_10.1.0_589/ide/tools/bin/../lib/gcc/arm-none-eabi/6.3.1/../../../../arm-none-eabi/lib/thumb/v6-m\libcr_c.a(_deferredlazyseek.o) (_Cwritebuf)
c:/nxp/mcuxpressoide_10.1.0_589/ide/tools/bin/../lib/gcc/arm-none-eabi/6.3.1/../../../../arm-none-eabi/lib/thumb/v6-m\libcr_c.a(alloc.o)
                              c:/nxp/mcuxpressoide_10.1.0_589/ide/tools/bin/../lib/gcc/arm-none-eabi/6.3.1/../../../../arm-none-eabi/lib/thumb/v6-m\libcr_c.a(_deferredlazyseek.o) (_Csys_alloc)
c:/nxp/mcuxpressoide_10.1.0_589/ide/tools/bin/../lib/gcc/arm-none-eabi/6.3.1/../../../../arm-none-eabi/lib/thumb/v6-m\libcr_c.a(fputs.o)
                              c:/nxp/mcuxpressoide_10.1.0_589/ide/tools/bin/../lib/gcc/arm-none-eabi/6.3.1/../../../../arm-none-eabi/lib/thumb/v6-m\libcr_semihost_nf.a(_cr_assert.o) (fputs)
c:/nxp/mcuxpressoide_10.1.0_589/ide/tools/bin/../lib/gcc/arm-none-eabi/6.3.1/../../../../arm-none-eabi/lib/thumb/v6-m\libcr_c.a(fseek.o)
                              c:/nxp/mcuxpressoide_10.1.0_589/ide/tools/bin/../lib/gcc/arm-none-eabi/6.3.1/../../../../arm-none-eabi/lib/thumb/v6-m\libcr_c.a(_deferredlazyseek.o) (fseek)
c:/nxp/mcuxpressoide_10.1.0_589/ide/tools/bin/../lib/gcc/arm-none-eabi/6.3.1/../../../../arm-none-eabi/lib/thumb/v6-m\libcr_c.a(ftell.o)
                              c:/nxp/mcuxpressoide_10.1.0_589/ide/tools/bin/../lib/gcc/arm-none-eabi/6.3.1/../../../../arm-none-eabi/lib/thumb/v6-m\libcr_c.a(fseek.o) (ftell)
c:/nxp/mcuxpressoide_10.1.0_589/ide/tools/bin/../lib/gcc/arm-none-eabi/6.3.1/../../../../arm-none-eabi/lib/thumb/v6-m\libcr_c.a(initio.o)
                              c:/nxp/mcuxpressoide_10.1.0_589/ide/tools/bin/../lib/gcc/arm-none-eabi/6.3.1/../../../../arm-none-eabi/lib/thumb/v6-m\libcr_semihost_nf.a(_cr__main.o) (_initio)
c:/nxp/mcuxpressoide_10.1.0_589/ide/tools/bin/../lib/gcc/arm-none-eabi/6.3.1/../../../../arm-none-eabi/lib/thumb/v6-m\libcr_c.a(setvbuf.o)
                              c:/nxp/mcuxpressoide_10.1.0_589/ide/tools/bin/../lib/gcc/arm-none-eabi/6.3.1/../../../../arm-none-eabi/lib/thumb/v6-m\libcr_c.a(initio.o) (setvbuf)
c:/nxp/mcuxpressoide_10.1.0_589/ide/tools/bin/../lib/gcc/arm-none-eabi/6.3.1/../../../../arm-none-eabi/lib/thumb/v6-m\libcr_c.a(__init_alloc.o)
                              c:/nxp/mcuxpressoide_10.1.0_589/ide/tools/bin/../lib/gcc/arm-none-eabi/6.3.1/../../../../arm-none-eabi/lib/thumb/v6-m\libcr_c.a(alloc.o) (__heaps)
[...]
Memory Configuration

Name             Origin             Length             Attributes
PROGRAM_FLASH    0x00000000         0x00010000         xr
SRAM             0x1ffff800         0x00002000         xrw
*default*        0x00000000         0xffffffff

Linker script and memory map

LOAD ./utilities/fsl_debug_console.o
LOAD ./startup/startup_mkl16z4.o
LOAD ./source/pga2311/pga2311.o
LOAD ./source/modbus/modbus.o
LOAD ./source/emu/kl16z64emu.o
LOAD ./source/eeprom/kl16z64_flash.o
LOAD ./source/LQC2654.o
LOAD ./source/conf.o
LOAD ./source/kl16z64.o
LOAD ./source/mtb.o
LOAD ./source/semihost_hardfault.o
LOAD ./drivers/fsl_adc16.o
LOAD ./drivers/fsl_clock.o
LOAD ./drivers/fsl_cmp.o
LOAD ./drivers/fsl_common.o
LOAD ./drivers/fsl_dac.o
LOAD ./drivers/fsl_dma.o
LOAD ./drivers/fsl_dmamux.o
LOAD ./drivers/fsl_flash.o
LOAD ./drivers/fsl_gpio.o
LOAD ./drivers/fsl_i2c.o
LOAD ./drivers/fsl_i2c_dma.o
LOAD ./drivers/fsl_llwu.o
LOAD ./drivers/fsl_lpsci.o
LOAD ./drivers/fsl_lpsci_dma.o
LOAD ./drivers/fsl_lptmr.o
LOAD ./drivers/fsl_pit.o
LOAD ./drivers/fsl_pmc.o
LOAD ./drivers/fsl_rcm.o
LOAD ./drivers/fsl_rtc.o
LOAD ./drivers/fsl_sim.o
LOAD ./drivers/fsl_smc.o
LOAD ./drivers/fsl_spi.o
LOAD ./drivers/fsl_spi_dma.o
LOAD ./drivers/fsl_tpm.o
LOAD ./drivers/fsl_tsi_v4.o
LOAD ./drivers/fsl_uart.o
LOAD ./drivers/fsl_uart_dma.o
LOAD ./board/board.o
LOAD ./board/clock_config.o
LOAD ./board/peripherals.o
LOAD ./board/pin_mux.o
LOAD ./CMSIS/system_MKL16Z4.o
START GROUP
LOAD c:/nxp/mcuxpressoide_10.1.0_589/ide/tools/bin/../lib/gcc/arm-none-eabi/6.3.1/../../../../arm-none-eabi/lib/thumb/v6-m\libcr_semihost_nf.a
LOAD c:/nxp/mcuxpressoide_10.1.0_589/ide/tools/bin/../lib/gcc/arm-none-eabi/6.3.1/../../../../arm-none-eabi/lib/thumb/v6-m\libcr_c.a
LOAD c:/nxp/mcuxpressoide_10.1.0_589/ide/tools/bin/../lib/gcc/arm-none-eabi/6.3.1/thumb/v6-m\libcr_eabihelpers.a
END GROUP
                0x00000000                __base_PROGRAM_FLASH = 0x0
                0x00000000                __base_Flash = 0x0
                0x00010000                __top_PROGRAM_FLASH = 0x10000
                0x00010000                __top_Flash = 0x10000
                0x1ffff800                __base_SRAM = 0x1ffff800
                0x1ffff800                __base_RAM = 0x1ffff800
                0x20001800                __top_SRAM = 0x20001800
                0x20001800                __top_RAM = 0x20001800

.text           0x00000000     0x62b8
 FILL mask 0xff
                0x00000000                __vectors_start__ = ABSOLUTE (.)
 *(.isr_vector)
 .isr_vector    0x00000000       0xc0 ./startup/startup_mkl16z4.o
                0x00000000                g_pfnVectors
                0x00000000                __Vectors
                0x000000c0                . = ALIGN (0x4)
                0x000000c0                __section_table_start = .
                0x000000c0                __data_section_table = .
                0x000000c0        0x4 LONG 0x62b8 LOADADDR (.data)
                0x000000c4        0x4 LONG 0x1ffff880 ADDR (.data)
                0x000000c8        0x4 LONG 0x148 SIZEOF (.data)
                0x000000cc                __data_section_table_end = .
                0x000000cc                __bss_section_table = .
                0x000000cc        0x4 LONG 0x1ffff9c8 ADDR (.bss)
                0x000000d0        0x4 LONG 0x2dc SIZEOF (.bss)
                0x000000d4                __bss_section_table_end = .
                0x000000d4                __section_table_end = .
 *(.after_vectors*)
 .after_vectors.init_data
                0x000000d4       0x16 ./startup/startup_mkl16z4.o
                0x000000d4                data_init
 .after_vectors.init_bss
                0x000000ea       0x12 ./startup/startup_mkl16z4.o
                0x000000ea                bss_init
 .after_vectors.reset
                0x000000fc       0x4c ./startup/startup_mkl16z4.o
                0x000000fc                ResetISR
 .after_vectors
                0x00000148      0x10c ./startup/startup_mkl16z4.o
                0x00000148                NMI_Handler
                0x0000014c                SVC_Handler
                0x0000014e                PendSV_Handler
                0x00000152                PORTC_PORTD_DriverIRQHandler
                0x00000152                CMP0_DriverIRQHandler
                0x00000152                ADC0_DriverIRQHandler
                0x00000152                LVD_LVW_DriverIRQHandler
                0x00000152                I2S0_DriverIRQHandler
                0x00000152                PIT_DriverIRQHandler
                0x00000152                LPTMR0_DriverIRQHandler
                0x00000152                TPM2_DriverIRQHandler
                0x00000152                RTC_DriverIRQHandler
                0x00000152                Reserved40_DriverIRQHandler
                0x00000152                TPM1_DriverIRQHandler
                0x00000152                TSI0_DriverIRQHandler
                0x00000152                RTC_Seconds_DriverIRQHandler
                0x00000152                PORTA_DriverIRQHandler
                0x00000152                Reserved45_DriverIRQHandler
                0x00000152                LLWU_DriverIRQHandler
                0x00000152                MCG_DriverIRQHandler
                0x00000152                Reserved20_DriverIRQHandler
                0x00000152                FTFA_DriverIRQHandler
                0x00000152                IntDefaultHandler
                0x00000152                DAC0_DriverIRQHandler
                0x00000152                TPM0_DriverIRQHandler
                0x00000154                DMA0_IRQHandler
                0x0000015c                DMA1_IRQHandler
                0x00000164                DMA2_IRQHandler
                0x0000016c                DMA3_IRQHandler
                0x00000174                Reserved20_IRQHandler
                0x0000017c                FTFA_IRQHandler
                0x00000184                LVD_LVW_IRQHandler
                0x0000018c                LLWU_IRQHandler
                0x00000194                I2C0_IRQHandler
                0x0000019c                I2C1_IRQHandler
                0x000001a4                SPI0_IRQHandler
                0x000001ac                SPI1_IRQHandler
                0x000001b4                UART0_IRQHandler
                0x000001c4                UART2_IRQHandler
                0x000001d4                CMP0_IRQHandler
                0x000001dc                TPM0_IRQHandler
                0x000001ec                TPM2_IRQHandler
                0x000001f4                RTC_IRQHandler
                0x000001fc                RTC_Seconds_IRQHandler
                0x00000204                PIT_IRQHandler
                0x0000020c                I2S0_IRQHandler
                0x00000214                Reserved40_IRQHandler
                0x0000021c                DAC0_IRQHandler
                0x00000224                TSI0_IRQHandler
                0x0000022c                MCG_IRQHandler
                0x00000234                LPTMR0_IRQHandler
                0x0000023c                Reserved45_IRQHandler
                0x00000244                PORTA_IRQHandler
                0x0000024c                PORTC_PORTD_IRQHandler
                0x00000400                . = 0x400
 *fill*         0x00000254      0x1ac ff
                0x00000400                PROVIDE (__FLASH_CONFIG_START__, .)
 *(.FlashConfig)
 .FlashConfig   0x00000400       0x10 ./startup/startup_mkl16z4.o
                0x00000400                Flash_Config
                0x00000410                PROVIDE (__FLASH_CONFIG_END__, .)
                0x00000001                ASSERT (! ((__FLASH_CONFIG_START__ == __FLASH_CONFIG_END__)), Linker Flash Config Support Enabled, but no .FlashConfig section provided within application)
 *(.text*)
 .text.isVaildTel
                0x00000410       0x5c ./source/modbus/modbus.o
                0x00000410                isVaildTel
 .text.getTelLength
                0x0000046c       0x40 ./source/modbus/modbus.o
                0x0000046c                getTelLength
 .text.isTelComplete
                0x000004ac       0x9c ./source/modbus/modbus.o
                0x000004ac                isTelComplete
 .text.leftRxdTel
                0x00000548       0x60 ./source/modbus/modbus.o
                0x00000548                leftRxdTel
 .text.RxdByte  0x000005a8       0xf4 ./source/modbus/modbus.o
                0x000005a8                RxdByte
 .text.hasByteToTxd
                0x0000069c       0x30 ./source/modbus/modbus.o
                0x0000069c                hasByteToTxd
 .text.getTxdByte
                0x000006cc       0x54 ./source/modbus/modbus.o
                0x000006cc                getTxdByte
 .text.OnGetData03
                0x00000720      0x3e4 ./source/modbus/modbus.o
                0x00000720                OnGetData03
 .text.OnSetData06
                0x00000b04      0x160 ./source/modbus/modbus.o
                0x00000b04                OnSetData06
 .text.CRC16ISR0
                0x00000c64       0x94 ./source/modbus/modbus.o
                0x00000c64                CRC16ISR0
 .text.CRC16ISR1
                0x00000cf8       0x94 ./source/modbus/modbus.o
                0x00000cf8                CRC16ISR1
 .text.modbusLoop
                0x00000d8c       0x60 ./source/modbus/modbus.o
                0x00000d8c                modbusLoop
 .text.NVIC_EnableIRQ
                0x00000dec       0x2c ./source/emu/kl16z64emu.o
 .text.CLOCK_EnableClock
                0x00000e18       0x38 ./source/emu/kl16z64emu.o
 .text.CLOCK_SetTpmClock
                0x00000e50       0x38 ./source/emu/kl16z64emu.o
 .text.EnableIRQ
                0x00000e88       0x2c ./source/emu/kl16z64emu.o
 .text.PORT_SetPinMux
                0x00000eb4       0x40 ./source/emu/kl16z64emu.o
 .text.ADC16_EnableHardwareTrigger
                0x00000ef4       0x3a ./source/emu/kl16z64emu.o
 .text.TPM_SetTimerPeriod
                0x00000f2e       0x18 ./source/emu/kl16z64emu.o
 .text.TPM_StartTimer
                0x00000f46       0x3a ./source/emu/kl16z64emu.o
 .text.toXch    0x00000f80       0x20 ./source/emu/kl16z64emu.o
 .text.toYch    0x00000fa0       0x20 ./source/emu/kl16z64emu.o
 .text.toZch    0x00000fc0       0x20 ./source/emu/kl16z64emu.o
 .text.toRVch   0x00000fe0       0x20 ./source/emu/kl16z64emu.o
 .text.toPt100ch
                0x00001000       0x20 ./source/emu/kl16z64emu.o
 .text.int_sqrt
                0x00001020       0x5a ./source/emu/kl16z64emu.o
                0x00001020                int_sqrt
 *fill*         0x0000107a        0x2 ff
 .text.initTPM1
                0x0000107c       0x84 ./source/emu/kl16z64emu.o
                0x0000107c                initTPM1
 .text.TPM1_IRQHandler
                0x00001100        0xa ./source/emu/kl16z64emu.o
                0x00001100                TPM1_IRQHandler
 *fill*         0x0000110a        0x2 ff
 .text.initEMU  0x0000110c      0x138 ./source/emu/kl16z64emu.o
                0x0000110c                initEMU
 .text.ADC0_IRQHandler
                0x00001244      0xaa0 ./source/emu/kl16z64emu.o
                0x00001244                ADC0_IRQHandler
 .text.updateParameter
                0x00001ce4      0x2b8 ./source/emu/kl16z64emu.o
                0x00001ce4                updateParameter
 .text.initEEPROM
                0x00001f9c        0xe ./source/eeprom/kl16z64_flash.o
                0x00001f9c                initEEPROM
 *fill*         0x00001faa        0x2 ff
 .text.EarsePage
                0x00001fac       0x38 ./source/eeprom/kl16z64_flash.o
                0x00001fac                EarsePage
 .text.RDBYTES  0x00001fe4       0x62 ./source/eeprom/kl16z64_flash.o
                0x00001fe4                RDBYTES
 *fill*         0x00002046        0x2 ff
 .text.WRBYTES  0x00002048       0x3c ./source/eeprom/kl16z64_flash.o
                0x00002048                WRBYTES
 .text.saveConfig
                0x00002084       0x28 ./source/eeprom/kl16z64_flash.o
                0x00002084                saveConfig
 .text.loadConfig
                0x000020ac       0x44 ./source/eeprom/kl16z64_flash.o
                0x000020ac                loadConfig
 .text.CLOCK_EnableClock
                0x000020f0       0x38 ./source/LQC2654.o
 .text.PORT_SetPinConfig
                0x00002128       0x38 ./source/LQC2654.o
 .text.initRVStartPort
                0x00002160       0x80 ./source/LQC2654.o
                0x00002160                initRVStartPort
 .text.initStartPWM
                0x000021e0       0x80 ./source/LQC2654.o
                0x000021e0                initStartPWM
 .text.main     0x00002260       0x88 ./source/LQC2654.o
                0x00002260                main
 .text.NVIC_EnableIRQ
                0x000022e8       0x2c ./source/kl16z64.o
 .text.NVIC_DisableIRQ
                0x00002314       0x30 ./source/kl16z64.o
 .text.NVIC_SetPriority
                0x00002344       0xdc ./source/kl16z64.o
 .text.SysTick_Config
                0x00002420       0x48 ./source/kl16z64.o
 .text.CLOCK_EnableClock
                0x00002468       0x38 ./source/kl16z64.o
 .text.EnableIRQ
                0x000024a0       0x2c ./source/kl16z64.o
 .text.DisableIRQ
                0x000024cc       0x2c ./source/kl16z64.o
 .text.GPIO_SetPinsOutput
                0x000024f8       0x18 ./source/kl16z64.o
 .text.GPIO_ClearPinsOutput
                0x00002510       0x18 ./source/kl16z64.o
 .text.PORT_SetPinConfig
                0x00002528       0x38 ./source/kl16z64.o
 .text.PORT_SetPinMux
                0x00002560       0x40 ./source/kl16z64.o
 .text.UART_WriteByte
                0x000025a0       0x1e ./source/kl16z64.o
 .text.UART_ReadByte
                0x000025be       0x16 ./source/kl16z64.o
 .text.setCom   0x000025d4      0x180 ./source/kl16z64.o
                0x000025d4                setCom
 .text.Enable485TXD
                0x00002754       0x34 ./source/kl16z64.o
                0x00002754                Enable485TXD
 .text.Disable485TXD
                0x00002788       0x2c ./source/kl16z64.o
                0x00002788                Disable485TXD
 .text.initModbus
                0x000027b4       0xd0 ./source/kl16z64.o
                0x000027b4                initModbus
 .text.startTxd
                0x00002884        0xe ./source/kl16z64.o
                0x00002884                startTxd
 *fill*         0x00002892        0x2 ff
 .text.UART1_IRQHandler
                0x00002894       0x8c ./source/kl16z64.o
                0x00002894                UART1_IRQHandler
 .text.initSysTick1ms
                0x00002920       0x40 ./source/kl16z64.o
                0x00002920                initSysTick1ms
 .text.SysTick_Handler
                0x00002960       0x14 ./source/kl16z64.o
                0x00002960                SysTick_Handler
 .text.HardFault_Handler
                0x00002974       0x2c ./source/semihost_hardfault.o
                0x00002974                HardFault_Handler
 .text.CLOCK_EnableClock
                0x000029a0       0x38 ./drivers/fsl_adc16.o
 .text.CLOCK_DisableClock
                0x000029d8       0x38 ./drivers/fsl_adc16.o
 .text.ADC16_GetInstance
                0x00002a10       0x48 ./drivers/fsl_adc16.o
 .text.ADC16_Init
                0x00002a58      0x114 ./drivers/fsl_adc16.o
                0x00002a58                ADC16_Init
 .text.ADC16_Deinit
                0x00002b6c       0x24 ./drivers/fsl_adc16.o
                0x00002b6c                ADC16_Deinit
 .text.ADC16_DoAutoCalibration
                0x00002b90      0x11a ./drivers/fsl_adc16.o
                0x00002b90                ADC16_DoAutoCalibration
 .text.ADC16_GetStatusFlags
                0x00002caa       0x3a ./drivers/fsl_adc16.o
                0x00002caa                ADC16_GetStatusFlags
 .text.ADC16_GetChannelStatusFlags
                0x00002ce4       0x40 ./drivers/fsl_adc16.o
                0x00002ce4                ADC16_GetChannelStatusFlags
 .text.CLOCK_SetEr32kClock
                0x00002d24       0x30 ./drivers/fsl_clock.o
 .text.CLOCK_SetPllFllSelClock
                0x00002d54       0x38 ./drivers/fsl_clock.o
 .text.OSC_SetExtRefClkConfig
                0x00002d8c       0x48 ./drivers/fsl_clock.o
 .text.OSC_SetCapLoad
                0x00002dd4       0x4c ./drivers/fsl_clock.o
 .text.CLOCK_GetOscRangeFromFreq
                0x00002e20       0x4c ./drivers/fsl_clock.o
 .text.CLOCK_SetSimConfig
                0x00002e6c       0x38 ./drivers/fsl_clock.o
                0x00002e6c                CLOCK_SetSimConfig
 .text.CLOCK_SetExternalRefClkConfig
                0x00002ea4       0x16 ./drivers/fsl_clock.o
                0x00002ea4                CLOCK_SetExternalRefClkConfig
 *fill*         0x00002eba        0x2 ff
 .text.CLOCK_EnablePll0
                0x00002ebc       0x98 ./drivers/fsl_clock.o
                0x00002ebc                CLOCK_EnablePll0
 .text.CLOCK_InitOsc0
                0x00002f54       0x98 ./drivers/fsl_clock.o
                0x00002f54                CLOCK_InitOsc0
 .text.CLOCK_SetPbeMode
                0x00002fec       0xb0 ./drivers/fsl_clock.o
                0x00002fec                CLOCK_SetPbeMode
 .text.CLOCK_BootToPeeMode
                0x0000309c       0x70 ./drivers/fsl_clock.o
                0x0000309c                CLOCK_BootToPeeMode
 .text.DMA_ClearChannelStatusFlags
                0x0000310c       0x54 ./drivers/fsl_dma.o
 .text.DMA_HandleIRQ
                0x00003160       0x4c ./drivers/fsl_dma.o
                0x00003160                DMA_HandleIRQ
 .text.DMA0_DriverIRQHandler
                0x000031ac       0x18 ./drivers/fsl_dma.o
                0x000031ac                DMA0_DriverIRQHandler
 .text.DMA1_DriverIRQHandler
                0x000031c4       0x18 ./drivers/fsl_dma.o
                0x000031c4                DMA1_DriverIRQHandler
 .text.DMA2_DriverIRQHandler
                0x000031dc       0x18 ./drivers/fsl_dma.o
                0x000031dc                DMA2_DriverIRQHandler
 .text.DMA3_DriverIRQHandler
                0x000031f4       0x18 ./drivers/fsl_dma.o
                0x000031f4                DMA3_DriverIRQHandler
 .text.FLASH_Init
                0x0000320c       0xd0 ./drivers/fsl_flash.o
                0x0000320c                FLASH_Init
 .text.FLASH_PrepareExecuteInRamFunctions
                0x000032dc       0x3c ./drivers/fsl_flash.o
                0x000032dc                FLASH_PrepareExecuteInRamFunctions
 .text.FLASH_Erase
                0x00003318       0xf8 ./drivers/fsl_flash.o
                0x00003318                FLASH_Erase
 .text.FLASH_Program
                0x00003410      0x104 ./drivers/fsl_flash.o
                0x00003410                FLASH_Program
 .text.copy_flash_run_command
                0x00003514       0x30 ./drivers/fsl_flash.o
 .text.flash_command_sequence
                0x00003544       0x7c ./drivers/fsl_flash.o
 .text.copy_flash_common_bit_operation
                0x000035c0       0x3c ./drivers/fsl_flash.o
 .text.mcm_flash_cache_clear
                0x000035fc       0x2c ./drivers/fsl_flash.o
                0x000035fc                mcm_flash_cache_clear
 .text.flash_cache_clear
                0x00003628       0x1a ./drivers/fsl_flash.o
                0x00003628                flash_cache_clear
 .text.flash_cache_clear_process
                0x00003642       0x3a ./drivers/fsl_flash.o
 .text.flash_check_execute_in_ram_function_info
                0x0000367c       0x36 ./drivers/fsl_flash.o
 .text.flash_check_range
                0x000036b2       0x5c ./drivers/fsl_flash.o
 .text.flash_get_matched_operation_info
                0x0000370e       0x76 ./drivers/fsl_flash.o
 .text.flash_check_user_key
                0x00003784       0x24 ./drivers/fsl_flash.o
 .text.GPIO_WritePinOutput
                0x000037a8       0x34 ./drivers/fsl_gpio.o
 .text.GPIO_PinInit
                0x000037dc       0x64 ./drivers/fsl_gpio.o
                0x000037dc                GPIO_PinInit
 .text.I2C_TransferCommonIRQHandler
                0x00003840       0x54 ./drivers/fsl_i2c.o
 .text.I2C0_DriverIRQHandler
                0x00003894       0x20 ./drivers/fsl_i2c.o
                0x00003894                I2C0_DriverIRQHandler
 .text.I2C1_DriverIRQHandler
                0x000038b4       0x20 ./drivers/fsl_i2c.o
                0x000038b4                I2C1_DriverIRQHandler
 .text.UART0_DriverIRQHandler
                0x000038d4       0x24 ./drivers/fsl_lpsci.o
                0x000038d4                UART0_DriverIRQHandler
 .text.SPI_CommonIRQHandler
                0x000038f8       0x54 ./drivers/fsl_spi.o
 .text.SPI0_DriverIRQHandler
                0x0000394c       0x30 ./drivers/fsl_spi.o
                0x0000394c                SPI0_DriverIRQHandler
 .text.SPI1_DriverIRQHandler
                0x0000397c       0x30 ./drivers/fsl_spi.o
                0x0000397c                SPI1_DriverIRQHandler
 .text.CLOCK_EnableClock
                0x000039ac       0x38 ./drivers/fsl_tpm.o
 .text.TPM_GetInstance
                0x000039e4       0x54 ./drivers/fsl_tpm.o
 .text.TPM_Init
                0x00003a38       0xd0 ./drivers/fsl_tpm.o
                0x00003a38                TPM_Init
 .text.TPM_GetDefaultConfig
                0x00003b08       0x54 ./drivers/fsl_tpm.o
                0x00003b08                TPM_GetDefaultConfig
 .text.CLOCK_EnableClock
                0x00003b5c       0x38 ./drivers/fsl_uart.o
 .text.CLOCK_DisableClock
                0x00003b94       0x38 ./drivers/fsl_uart.o
 .text.UART_GetInstance
                0x00003bcc       0x54 ./drivers/fsl_uart.o
                0x00003bcc                UART_GetInstance
 .text.UART_Init
                0x00003c20      0x1fc ./drivers/fsl_uart.o
                0x00003c20                UART_Init
 .text.UART_Deinit
                0x00003e1c       0x40 ./drivers/fsl_uart.o
                0x00003e1c                UART_Deinit
 .text.UART_GetDefaultConfig
                0x00003e5c       0x44 ./drivers/fsl_uart.o
                0x00003e5c                UART_GetDefaultConfig
 .text.UART_EnableInterrupts
                0x00003ea0       0x58 ./drivers/fsl_uart.o
                0x00003ea0                UART_EnableInterrupts
 .text.UART_DisableInterrupts
                0x00003ef8       0x64 ./drivers/fsl_uart.o
                0x00003ef8                UART_DisableInterrupts
 .text.UART_GetStatusFlags
                0x00003f5c       0x26 ./drivers/fsl_uart.o
                0x00003f5c                UART_GetStatusFlags
 *fill*         0x00003f82        0x2 ff
 .text.UART_ClearStatusFlags
                0x00003f84       0x80 ./drivers/fsl_uart.o
                0x00003f84                UART_ClearStatusFlags
 .text.UART1_DriverIRQHandler
                0x00004004       0x24 ./drivers/fsl_uart.o
                0x00004004                UART1_DriverIRQHandler
 .text.UART2_DriverIRQHandler
                0x00004028       0x24 ./drivers/fsl_uart.o
                0x00004028                UART2_DriverIRQHandler
 .text.CLOCK_SetSimSafeDivs
                0x0000404c       0x20 ./board/clock_config.o
 .text.CLOCK_SetXtal0Freq
                0x0000406c       0x1c ./board/clock_config.o
 .text.CLOCK_CONFIG_SetFllExtRefDiv
                0x00004088       0x3c ./board/clock_config.o
 .text.BOARD_InitBootClocks
                0x000040c4        0xe ./board/clock_config.o
                0x000040c4                BOARD_InitBootClocks
 *fill*         0x000040d2        0x2 ff
 .text.BOARD_BootClockRUN
                0x000040d4       0x58 ./board/clock_config.o
                0x000040d4                BOARD_BootClockRUN
 .text.BOARD_InitBootPins
                0x0000412c        0xa ./board/pin_mux.o
                0x0000412c                BOARD_InitBootPins
 *fill*         0x00004136        0x2 ff
 .text.SystemInit
                0x00004138       0x3c ./CMSIS/system_MKL16Z4.o
                0x00004138                SystemInit
 .text.__main   0x00004174        0xc c:/nxp/mcuxpressoide_10.1.0_589/ide/tools/bin/../lib/gcc/arm-none-eabi/6.3.1/../../../../arm-none-eabi/lib/thumb/v6-m\libcr_semihost_nf.a(_cr__main.o)
                0x00004174                __CR_SEMIHOST
                0x00004174                __main
 .text.__assertion_failed
                0x00004180       0x4c c:/nxp/mcuxpressoide_10.1.0_589/ide/tools/bin/../lib/gcc/arm-none-eabi/6.3.1/../../../../arm-none-eabi/lib/thumb/v6-m\libcr_semihost_nf.a(_cr_assert.o)
                0x00004180                __assertion_failed
 .text.__sys_appexit
                0x000041cc        0xc c:/nxp/mcuxpressoide_10.1.0_589/ide/tools/bin/../lib/gcc/arm-none-eabi/6.3.1/../../../../arm-none-eabi/lib/thumb/v6-m\libcr_semihost_nf.a(__sys_appexit.o)
                0x000041cc                __sys_appexit
                0x000041cc                __exit
 .text.memcpy   0x000041d8        0x8 c:/nxp/mcuxpressoide_10.1.0_589/ide/tools/bin/../lib/gcc/arm-none-eabi/6.3.1/../../../../arm-none-eabi/lib/thumb/v6-m\libcr_c.a(memcpy.o)
                0x000041d8                memcpy
 .text.memset   0x000041e0        0x8 c:/nxp/mcuxpressoide_10.1.0_589/ide/tools/bin/../lib/gcc/arm-none-eabi/6.3.1/../../../../arm-none-eabi/lib/thumb/v6-m\libcr_c.a(memset.o)
                0x000041e0                memset
 .text._deferredlazyseek
                0x000041e8       0x40 c:/nxp/mcuxpressoide_10.1.0_589/ide/tools/bin/../lib/gcc/arm-none-eabi/6.3.1/../../../../arm-none-eabi/lib/thumb/v6-m\libcr_c.a(_deferredlazyseek.o)
                0x000041e8                _deferredlazyseek
 .text.__flsbuf
                0x00004228      0x150 c:/nxp/mcuxpressoide_10.1.0_589/ide/tools/bin/../lib/gcc/arm-none-eabi/6.3.1/../../../../arm-none-eabi/lib/thumb/v6-m\libcr_c.a(_deferredlazyseek.o)
                0x00004228                __flsbuf
 .text._fflush  0x00004378       0x5c c:/nxp/mcuxpressoide_10.1.0_589/ide/tools/bin/../lib/gcc/arm-none-eabi/6.3.1/../../../../arm-none-eabi/lib/thumb/v6-m\libcr_c.a(_fflush.o)
                0x00004378                _fflush
 .text._Cwritebuf
                0x000043d4       0x68 c:/nxp/mcuxpressoide_10.1.0_589/ide/tools/bin/../lib/gcc/arm-none-eabi/6.3.1/../../../../arm-none-eabi/lib/thumb/v6-m\libcr_c.a(_writebuf.o)
                0x000043d4                _Cwritebuf
 .text.malloc   0x0000443c       0xcc c:/nxp/mcuxpressoide_10.1.0_589/ide/tools/bin/../lib/gcc/arm-none-eabi/6.3.1/../../../../arm-none-eabi/lib/thumb/v6-m\libcr_c.a(alloc.o)
                0x0000443c                malloc
 .text.free     0x00004508       0x2c c:/nxp/mcuxpressoide_10.1.0_589/ide/tools/bin/../lib/gcc/arm-none-eabi/6.3.1/../../../../arm-none-eabi/lib/thumb/v6-m\libcr_c.a(alloc.o)
                0x00004508                free
 .text._Csys_alloc
                0x00004534       0x20 c:/nxp/mcuxpressoide_10.1.0_589/ide/tools/bin/../lib/gcc/arm-none-eabi/6.3.1/../../../../arm-none-eabi/lib/thumb/v6-m\libcr_c.a(alloc.o)
                0x00004534                _Csys_alloc
 .text.fputs    0x00004554       0x2e c:/nxp/mcuxpressoide_10.1.0_589/ide/tools/bin/../lib/gcc/arm-none-eabi/6.3.1/../../../../arm-none-eabi/lib/thumb/v6-m\libcr_c.a(fputs.o)
                0x00004554                fputs
 *fill*         0x00004582        0x2 ff
 .text.fseek    0x00004584       0xf0 c:/nxp/mcuxpressoide_10.1.0_589/ide/tools/bin/../lib/gcc/arm-none-eabi/6.3.1/../../../../arm-none-eabi/lib/thumb/v6-m\libcr_c.a(fseek.o)
                0x00004584                fseek
 .text.ftell    0x00004674       0x48 c:/nxp/mcuxpressoide_10.1.0_589/ide/tools/bin/../lib/gcc/arm-none-eabi/6.3.1/../../../../arm-none-eabi/lib/thumb/v6-m\libcr_c.a(ftell.o)
                0x00004674                ftell
 .text._initio  0x000046bc       0x7c c:/nxp/mcuxpressoide_10.1.0_589/ide/tools/bin/../lib/gcc/arm-none-eabi/6.3.1/../../../../arm-none-eabi/lib/thumb/v6-m\libcr_c.a(initio.o)
                0x000046bc                _initio
 .text.setvbuf  0x00004738       0x48 c:/nxp/mcuxpressoide_10.1.0_589/ide/tools/bin/../lib/gcc/arm-none-eabi/6.3.1/../../../../arm-none-eabi/lib/thumb/v6-m\libcr_c.a(setvbuf.o)
                0x00004738                setvbuf
 .text._sbrk    0x00004780       0x40 c:/nxp/mcuxpressoide_10.1.0_589/ide/tools/bin/../lib/gcc/arm-none-eabi/6.3.1/../../../../arm-none-eabi/lib/thumb/v6-m\libcr_c.a(_cr_sbrk.o)
                0x00004780                _sbrk
 .text._fdopen  0x000047c0       0x74 c:/nxp/mcuxpressoide_10.1.0_589/ide/tools/bin/../lib/gcc/arm-none-eabi/6.3.1/../../../../arm-none-eabi/lib/thumb/v6-m\libcr_c.a(_fdopen.o)
                0x000047c0                _fdopen
 .text.fclose   0x00004834       0x5c c:/nxp/mcuxpressoide_10.1.0_589/ide/tools/bin/../lib/gcc/arm-none-eabi/6.3.1/../../../../arm-none-eabi/lib/thumb/v6-m\libcr_c.a(fclose.o)
                0x00004834                fclose
 .text.fflush   0x00004890       0x44 c:/nxp/mcuxpressoide_10.1.0_589/ide/tools/bin/../lib/gcc/arm-none-eabi/6.3.1/../../../../arm-none-eabi/lib/thumb/v6-m\libcr_c.a(fflush.o)
                0x00004890                fflush
 .text.remove   0x000048d4       0x12 c:/nxp/mcuxpressoide_10.1.0_589/ide/tools/bin/../lib/gcc/arm-none-eabi/6.3.1/../../../../arm-none-eabi/lib/thumb/v6-m\libcr_c.a(remove.o)
                0x000048d4                remove
 *fill*         0x000048e6        0x2 ff
 .text.strlen   0x000048e8       0x58 c:/nxp/mcuxpressoide_10.1.0_589/ide/tools/bin/../lib/gcc/arm-none-eabi/6.3.1/../../../../arm-none-eabi/lib/thumb/v6-m\libcr_c.a(strlen.o)
                0x000048e8                strlen
 .text.__check_heap_overflow
                0x00004940       0x18 c:/nxp/mcuxpressoide_10.1.0_589/ide/tools/bin/../lib/gcc/arm-none-eabi/6.3.1/../../../../arm-none-eabi/lib/thumb/v6-m\libcr_c.a(_cr_check_heap.o)
                0x00004940                __check_heap_overflow
 .text._do_fflush
                0x00004958       0x44 c:/nxp/mcuxpressoide_10.1.0_589/ide/tools/bin/../lib/gcc/arm-none-eabi/6.3.1/../../../../arm-none-eabi/lib/thumb/v6-m\libcr_c.a(_do_fflush.o)
                0x00004958                _do_fflush
 .text.__aeabi_division_idivmod
                0x0000499c       0x78 c:/nxp/mcuxpressoide_10.1.0_589/ide/tools/bin/../lib/gcc/arm-none-eabi/6.3.1/thumb/v6-m\libcr_eabihelpers.a(division_32.o)
                0x0000499c                __aeabi_idivmod
                0x0000499c                __aeabi_idiv
                0x000049a2                __aeabi_uidivmod
                0x000049a2                __aeabi_uidiv
 .text.__aeabi_division_idiv0
                0x00004a14        0x2 c:/nxp/mcuxpressoide_10.1.0_589/ide/tools/bin/../lib/gcc/arm-none-eabi/6.3.1/thumb/v6-m\libcr_eabihelpers.a(division_idiv0.o)
                0x00004a14                __aeabi_idiv0
 *fill*         0x00004a16        0x2 ff
 .text.__aeabi_fmul
                0x00004a18       0xc4 c:/nxp/mcuxpressoide_10.1.0_589/ide/tools/bin/../lib/gcc/arm-none-eabi/6.3.1/thumb/v6-m\libcr_eabihelpers.a(float.o)
                0x00004a18                __aeabi_fmul
 .text.__aeabi_fsub
                0x00004adc      0x12c c:/nxp/mcuxpressoide_10.1.0_589/ide/tools/bin/../lib/gcc/arm-none-eabi/6.3.1/thumb/v6-m\libcr_eabihelpers.a(float.o)
                0x00004adc                __aeabi_fsub
 .text.__aeabi_fadd
                0x00004c08       0xb4 c:/nxp/mcuxpressoide_10.1.0_589/ide/tools/bin/../lib/gcc/arm-none-eabi/6.3.1/thumb/v6-m\libcr_eabihelpers.a(float.o)
                0x00004c08                __aeabi_fadd
 .text.__bhs_ui2f
                0x00004cbc       0x62 c:/nxp/mcuxpressoide_10.1.0_589/ide/tools/bin/../lib/gcc/arm-none-eabi/6.3.1/thumb/v6-m\libcr_eabihelpers.a(float.o)
                0x00004cbc                __bhs_ui2f
 .text.__aeabi_i2f
                0x00004d1e       0x18 c:/nxp/mcuxpressoide_10.1.0_589/ide/tools/bin/../lib/gcc/arm-none-eabi/6.3.1/thumb/v6-m\libcr_eabihelpers.a(float.o)
                0x00004d1e                __aeabi_i2f
 .text.__aeabi_llong_lmul
                0x00004d36       0x2e c:/nxp/mcuxpressoide_10.1.0_589/ide/tools/bin/../lib/gcc/arm-none-eabi/6.3.1/thumb/v6-m\libcr_eabihelpers.a(llong.o)
                0x00004d36                __aeabi_lmul
 .text.__aeabi_memcpy
                0x00004d64       0x2c c:/nxp/mcuxpressoide_10.1.0_589/ide/tools/bin/../lib/gcc/arm-none-eabi/6.3.1/thumb/v6-m\libcr_eabihelpers.a(memcpy.o)
                0x00004d64                __aeabi_memcpy4
                0x00004d64                __aeabi_memcpy8
                0x00004d64                __aeabi_memcpy
 .text.__aeabi_memset_lowlevel
                0x00004d90       0x2a c:/nxp/mcuxpressoide_10.1.0_589/ide/tools/bin/../lib/gcc/arm-none-eabi/6.3.1/thumb/v6-m\libcr_eabihelpers.a(memcpy.o)
                0x00004d90                __aeabi_lowlevel_memset
 .text.__sys_close
                0x00004dba        0xc c:/nxp/mcuxpressoide_10.1.0_589/ide/tools/bin/../lib/gcc/arm-none-eabi/6.3.1/../../../../arm-none-eabi/lib/thumb/v6-m\libcr_semihost_nf.a(__sys_close.o)
                0x00004dba                __sys_close
 .text.__sys_flen
                0x00004dc6        0xc c:/nxp/mcuxpressoide_10.1.0_589/ide/tools/bin/../lib/gcc/arm-none-eabi/6.3.1/../../../../arm-none-eabi/lib/thumb/v6-m\libcr_semihost_nf.a(__sys_flen.o)
                0x00004dc6                __sys_flen
 .text.__sys_istty
                0x00004dd2        0xc c:/nxp/mcuxpressoide_10.1.0_589/ide/tools/bin/../lib/gcc/arm-none-eabi/6.3.1/../../../../arm-none-eabi/lib/thumb/v6-m\libcr_semihost_nf.a(__sys_istty.o)
                0x00004dd2                __sys_istty
 .text.__sys_remove
                0x00004dde        0xc c:/nxp/mcuxpressoide_10.1.0_589/ide/tools/bin/../lib/gcc/arm-none-eabi/6.3.1/../../../../arm-none-eabi/lib/thumb/v6-m\libcr_semihost_nf.a(__sys_remove.o)
                0x00004dde                __sys_remove
 .text.__sys_seek
                0x00004dea        0xc c:/nxp/mcuxpressoide_10.1.0_589/ide/tools/bin/../lib/gcc/arm-none-eabi/6.3.1/../../../../arm-none-eabi/lib/thumb/v6-m\libcr_semihost_nf.a(__sys_seek.o)
                0x00004dea                __sys_seek
 .text.__sys_tmpnam
                0x00004df6        0xc c:/nxp/mcuxpressoide_10.1.0_589/ide/tools/bin/../lib/gcc/arm-none-eabi/6.3.1/../../../../arm-none-eabi/lib/thumb/v6-m\libcr_semihost_nf.a(__sys_tmpnam.o)
                0x00004df6                __sys_tmpnam
 .text.__sys_write
                0x00004e02        0xc c:/nxp/mcuxpressoide_10.1.0_589/ide/tools/bin/../lib/gcc/arm-none-eabi/6.3.1/../../../../arm-none-eabi/lib/thumb/v6-m\libcr_semihost_nf.a(__sys_write.o)
                0x00004e02                __sys_write
 *(.rodata .rodata.* .constdata .constdata.*)
 *fill*         0x00004e0e        0x2 ff
 .rodata.RxdByte
                0x00004e10       0x20 ./source/modbus/modbus.o
 .rodata.OnSetData06
                0x00004e30       0x40 ./source/modbus/modbus.o
 .rodata.auchCRCHi
                0x00004e70      0x100 ./source/modbus/modbus.o
                0x00004e70                auchCRCHi
 .rodata.auchCRCLo
                0x00004f70      0x100 ./source/modbus/modbus.o
                0x00004f70                auchCRCLo
 .rodata.updateParameter
                0x00005070       0x20 ./source/emu/kl16z64emu.o
 .rodata        0x00005090       0x46 ./source/LQC2654.o
 *fill*         0x000050d6        0x2 ff
 .rodata        0x000050d8       0x46 ./source/kl16z64.o
 *fill*         0x0000511e        0x2 ff
 .rodata        0x00005120      0x13a ./drivers/fsl_adc16.o
 *fill*         0x0000525a        0x2 ff
 .rodata        0x0000525c      0x11d ./drivers/fsl_clock.o
 *fill*         0x00005379        0x3 ff
 .rodata        0x0000537c      0x4ae ./drivers/fsl_dma.o
 *fill*         0x0000582a        0x2 ff
 .rodata.s_flashRunCommandFunctionCode
                0x0000582c        0xc ./drivers/fsl_flash.o
 .rodata.s_flashCommonBitOperationFunctionCode
                0x00005838       0x1c ./drivers/fsl_flash.o
 .rodata.kPFlashDensities
                0x00005854       0x1e ./drivers/fsl_flash.o
                0x00005854                kPFlashDensities
 *fill*         0x00005872        0x2 ff
 .rodata        0x00005874       0xc7 ./drivers/fsl_gpio.o
 *fill*         0x0000593b        0x1 ff
 .rodata        0x0000593c      0x213 ./drivers/fsl_spi.o
 *fill*         0x00005b4f        0x1 ff
 .rodata.s_tpmBases
                0x00005b50        0xc ./drivers/fsl_tpm.o
 .rodata.s_tpmClocks
                0x00005b5c        0xc ./drivers/fsl_tpm.o
 .rodata        0x00005b68      0x287 ./drivers/fsl_tpm.o
 *fill*         0x00005def        0x1 ff
 .rodata.s_uartBases
                0x00005df0        0xc ./drivers/fsl_uart.o
 .rodata.s_uartClock
                0x00005dfc        0xc ./drivers/fsl_uart.o
 .rodata        0x00005e08      0x45b ./drivers/fsl_uart.o
 *fill*         0x00006263        0x1 ff
 .rodata.mcgConfig_BOARD_BootClockRUN
                0x00006264        0xa ./board/clock_config.o
                0x00006264                mcgConfig_BOARD_BootClockRUN
 *fill*         0x0000626e        0x2 ff
 .rodata.simConfig_BOARD_BootClockRUN
                0x00006270        0x8 ./board/clock_config.o
                0x00006270                simConfig_BOARD_BootClockRUN
 .rodata.oscConfig_BOARD_BootClockRUN
                0x00006278        0x8 ./board/clock_config.o
                0x00006278                oscConfig_BOARD_BootClockRUN
 .rodata.__assertion_failed.str1.1
                0x00006280       0x15 c:/nxp/mcuxpressoide_10.1.0_589/ide/tools/bin/../lib/gcc/arm-none-eabi/6.3.1/../../../../arm-none-eabi/lib/thumb/v6-m\libcr_semihost_nf.a(_cr_assert.o)
 *fill*         0x00006295        0x3 ff
 .rodata.__num_Ciob_streams
                0x00006298        0x4 c:/nxp/mcuxpressoide_10.1.0_589/ide/tools/bin/../lib/gcc/arm-none-eabi/6.3.1/../../../../arm-none-eabi/lib/thumb/v6-m\libcr_semihost_nf.a(__ciob.o)
                0x00006298                __num_Ciob_streams
 .rodata._Csys_alloc.str1.1
                0x0000629c       0x18 c:/nxp/mcuxpressoide_10.1.0_589/ide/tools/bin/../lib/gcc/arm-none-eabi/6.3.1/../../../../arm-none-eabi/lib/thumb/v6-m\libcr_c.a(alloc.o)
 .rodata._initio.str1.1
                0x000062b4        0x4 c:/nxp/mcuxpressoide_10.1.0_589/ide/tools/bin/../lib/gcc/arm-none-eabi/6.3.1/../../../../arm-none-eabi/lib/thumb/v6-m\libcr_c.a(initio.o)
                0x000062b8                . = ALIGN (0x4)

.glue_7         0x000062b8        0x0
 .glue_7        0x000062b8        0x0 linker stubs

.glue_7t        0x000062b8        0x0
 .glue_7t       0x000062b8        0x0 linker stubs

.vfp11_veneer   0x000062b8        0x0
 .vfp11_veneer  0x000062b8        0x0 linker stubs

.v4_bx          0x000062b8        0x0
 .v4_bx         0x000062b8        0x0 linker stubs

.iplt           0x000062b8        0x0
 .iplt          0x000062b8        0x0 ./utilities/fsl_debug_console.o

.rel.dyn        0x000062b8        0x0
 .rel.iplt      0x000062b8        0x0 ./utilities/fsl_debug_console.o

.ARM.extab
 *(.ARM.extab* .gnu.linkonce.armextab.*)
                0x000062b8                __exidx_start = .

.ARM.exidx
 *(.ARM.exidx* .gnu.linkonce.armexidx.*)
                0x000062b8                __exidx_end = .
                0x000062b8                _etext = .

.mtb_buffer_default
                0x1ffff800       0x80
 *(.mtb*)
 .mtb.$RAM1     0x1ffff800       0x80 ./source/mtb.o
                0x1ffff800                __mtb_buffer__

.uninit_RESERVED
                0x1ffff880        0x0
 *(.bss.$RESERVED*)
                0x1ffff880                . = ALIGN (0x4)
                0x1ffff880                _end_uninit_RESERVED = .

.data           0x1ffff880      0x148 load address 0x000062b8
 FILL mask 0xff
                0x1ffff880                _data = .
 *(vtable)
 *(.ramfunc*)
 *(.data*)
 .data.emu      0x1ffff880      0x108 ./source/emu/kl16z64emu.o
                0x1ffff880                emu
 .data.config   0x1ffff988       0x22 ./source/conf.o
                0x1ffff988                config
 *fill*         0x1ffff9aa        0x2 ff
 .data.parameter
                0x1ffff9ac       0x16 ./source/conf.o
                0x1ffff9ac                parameter
 *fill*         0x1ffff9c2        0x2 ff
 .data.SystemCoreClock
                0x1ffff9c4        0x4 ./CMSIS/system_MKL16Z4.o
                0x1ffff9c4                SystemCoreClock
                0x1ffff9c8                . = ALIGN (0x4)
                0x1ffff9c8                _edata = .

.igot.plt       0x1ffff9c8        0x0 load address 0x00006400
 .igot.plt      0x1ffff9c8        0x0 ./utilities/fsl_debug_console.o

.bss            0x1ffff9c8      0x2dc load address 0x00006400
                0x1ffff9c8                _bss = .
 *(.bss*)
 .bss.TxdBuf    0x1ffff9c8       0x60 ./source/modbus/modbus.o
                0x1ffff9c8                TxdBuf
 .bss.RxdBuf    0x1ffffa28       0x40 ./source/modbus/modbus.o
                0x1ffffa28                RxdBuf
 .bss.RxdTelBuf
                0x1ffffa68       0x40 ./source/modbus/modbus.o
                0x1ffffa68                RxdTelBuf
 .bss.TxdBytes  0x1ffffaa8        0x1 ./source/modbus/modbus.o
                0x1ffffaa8                TxdBytes
 .bss.RxdBytes  0x1ffffaa9        0x1 ./source/modbus/modbus.o
                0x1ffffaa9                RxdBytes
 .bss.TxdTelBytes
                0x1ffffaaa        0x1 ./source/modbus/modbus.o
                0x1ffffaaa                TxdTelBytes
 .bss.ReceivedTel
                0x1ffffaab        0x1 ./source/modbus/modbus.o
                0x1ffffaab                ReceivedTel
 .bss.comflag_count.5474
                0x1ffffaac        0x1 ./source/modbus/modbus.o
 *fill*         0x1ffffaad        0x3 
 .bss.adc_re    0x1ffffab0        0x4 ./source/emu/kl16z64emu.o
                0x1ffffab0                adc_re
 .bss.vx        0x1ffffab4        0x4 ./source/emu/kl16z64emu.o
                0x1ffffab4                vx
 .bss.vx0       0x1ffffab8        0x4 ./source/emu/kl16z64emu.o
                0x1ffffab8                vx0
 .bss.ax        0x1ffffabc        0x4 ./source/emu/kl16z64emu.o
                0x1ffffabc                ax
 .bss.ax0       0x1ffffac0        0x4 ./source/emu/kl16z64emu.o
                0x1ffffac0                ax0
 .bss.l.5672    0x1ffffac4        0x4 ./source/emu/kl16z64emu.o
 .bss.flash_config
                0x1ffffac8       0x34 ./source/eeprom/kl16z64_flash.o
                0x1ffffac8                flash_config
 .bss.main_loops.5521
                0x1ffffafc        0x4 ./source/LQC2654.o
 .bss.ms1       0x1ffffb00        0x1 ./source/kl16z64.o
                0x1ffffb00                ms1
 *fill*         0x1ffffb01        0x3 
 .bss.g_xtal0Freq
                0x1ffffb04        0x4 ./drivers/fsl_clock.o
                0x1ffffb04                g_xtal0Freq
 .bss.s_DMAHandle
                0x1ffffb08       0x10 ./drivers/fsl_dma.o
 .bss.callFlashRunCommand
                0x1ffffb18        0x4 ./drivers/fsl_flash.o
 .bss.callFlashCommonBitOperation
                0x1ffffb1c        0x4 ./drivers/fsl_flash.o
 .bss.s_flashRunCommand
                0x1ffffb20       0x40 ./drivers/fsl_flash.o
 .bss.s_flashCommonBitOperation
                0x1ffffb60       0x40 ./drivers/fsl_flash.o
 .bss.s_flashExecuteInRamFunctionInfo
                0x1ffffba0        0xc ./drivers/fsl_flash.o
 .bss.s_i2cHandle
                0x1ffffbac        0x8 ./drivers/fsl_i2c.o
 .bss.s_i2cMasterIsr
                0x1ffffbb4        0x4 ./drivers/fsl_i2c.o
 .bss.s_i2cSlaveIsr
                0x1ffffbb8        0x4 ./drivers/fsl_i2c.o
 .bss.s_lpsciHandle
                0x1ffffbbc        0x4 ./drivers/fsl_lpsci.o
 .bss.s_lpsciIsr
                0x1ffffbc0        0x4 ./drivers/fsl_lpsci.o
 .bss.s_spiHandle
                0x1ffffbc4        0x8 ./drivers/fsl_spi.o
 .bss.s_spiMasterIsr
                0x1ffffbcc        0x4 ./drivers/fsl_spi.o
 .bss.s_spiSlaveIsr
                0x1ffffbd0        0x4 ./drivers/fsl_spi.o
 .bss.s_uartHandle
                0x1ffffbd4        0xc ./drivers/fsl_uart.o
 .bss.s_uartIsr
                0x1ffffbe0        0x4 ./drivers/fsl_uart.o
 .bss.__Ciob    0x1ffffbe4       0xb4 c:/nxp/mcuxpressoide_10.1.0_589/ide/tools/bin/../lib/gcc/arm-none-eabi/6.3.1/../../../../arm-none-eabi/lib/thumb/v6-m\libcr_semihost_nf.a(__ciob.o)
                0x1ffffbe4                __Ciob
 .bss.__end_of_heap
                0x1ffffc98        0x4 c:/nxp/mcuxpressoide_10.1.0_589/ide/tools/bin/../lib/gcc/arm-none-eabi/6.3.1/../../../../arm-none-eabi/lib/thumb/v6-m\libcr_c.a(__init_alloc.o)
                0x1ffffc98                __end_of_heap
 .bss.__heaps   0x1ffffc9c        0x4 c:/nxp/mcuxpressoide_10.1.0_589/ide/tools/bin/../lib/gcc/arm-none-eabi/6.3.1/../../../../arm-none-eabi/lib/thumb/v6-m\libcr_c.a(__init_alloc.o)
                0x1ffffc9c                __heaps
 .bss.errno     0x1ffffca0        0x4 c:/nxp/mcuxpressoide_10.1.0_589/ide/tools/bin/../lib/gcc/arm-none-eabi/6.3.1/../../../../arm-none-eabi/lib/thumb/v6-m\libcr_c.a(errno.o)
                0x1ffffca0                errno
 *(COMMON)
                0x1ffffca4                . = ALIGN (0x4)
                0x1ffffca4                _ebss = .
                [!provide]                PROVIDE (end, .)

.noinit         0x1ffffca4        0x0 load address 0x00006400
                0x1ffffca4                _noinit = .
 *(.noinit*)
                0x1ffffca4                . = ALIGN (0x4)
                0x1ffffca4                _end_noinit = .
                0x00000200                _HeapSize = 0x200

.heap           0x1ffffca4      0x200 load address 0x00006400
                0x1ffffca4                _pvHeapStart = .
                0x1ffffea4                . = (. + _HeapSize)
 *fill*         0x1ffffca4      0x200 
                0x1ffffea4                . = ALIGN (0x4)
                0x1ffffea4                _pvHeapLimit = .
                0x00000200                _StackSize = 0x200

.heap2stackfill
                0x1ffffea4      0x200 load address 0x00006400
                0x200000a4                . = (. + _StackSize)
 *fill*         0x1ffffea4      0x200 

.stack          0x20001600        0x0
                0x20001600                _vStackBase = .
                0x20001600                . = ALIGN (0x4)
                0x20001800                _vStackTop = (. + _StackSize)
                0x00000000                _image_start = LOADADDR (.text)
                0x00006400                _image_end = (LOADADDR (.data) + SIZEOF (.data))
                0x00006400                _image_size = (_image_end - _image_start)
OUTPUT(YE5955V2.axf elf32-littlearm)

.debug_info     0x00000000    0x116fc
 .debug_info    0x00000000      0x4a2 ./startup/startup_mkl16z4.o
 .debug_info    0x000004a2      0xa93 ./source/modbus/modbus.o
 .debug_info    0x00000f35     0x16f3 ./source/emu/kl16z64emu.o
 .debug_info    0x00002628      0x91a ./source/eeprom/kl16z64_flash.o
 .debug_info    0x00002f42      0xd80 ./source/LQC2654.o
 .debug_info    0x00003cc2      0x69f ./source/conf.o
 .debug_info    0x00004361     0x12af ./source/kl16z64.o
 .debug_info    0x00005610       0x51 ./source/mtb.o
 .debug_info    0x00005661       0x3b ./source/semihost_hardfault.o
 .debug_info    0x0000569c      0xc14 ./drivers/fsl_adc16.o
 .debug_info    0x000062b0     0x1759 ./drivers/fsl_clock.o
 .debug_info    0x00007a09      0xeb3 ./drivers/fsl_dma.o
 .debug_info    0x000088bc     0x195f ./drivers/fsl_flash.o
 .debug_info    0x0000a21b      0x718 ./drivers/fsl_gpio.o
 .debug_info    0x0000a933     0x1967 ./drivers/fsl_i2c.o
 .debug_info    0x0000c29a     0x1389 ./drivers/fsl_lpsci.o
 .debug_info    0x0000d623     0x1478 ./drivers/fsl_spi.o
 .debug_info    0x0000ea9b      0xbf4 ./drivers/fsl_tpm.o
 .debug_info    0x0000f68f     0x1333 ./drivers/fsl_uart.o
 .debug_info    0x000109c2      0x8ca ./board/clock_config.o
 .debug_info    0x0001128c       0x3b ./board/pin_mux.o
 .debug_info    0x000112c7      0x435 ./CMSIS/system_MKL16Z4.o

.debug_abbrev   0x00000000     0x2dc0
 .debug_abbrev  0x00000000      0x16d ./startup/startup_mkl16z4.o
 .debug_abbrev  0x0000016d      0x277 ./source/modbus/modbus.o
 .debug_abbrev  0x000003e4      0x326 ./source/emu/kl16z64emu.o
 .debug_abbrev  0x0000070a      0x1e2 ./source/eeprom/kl16z64_flash.o
 .debug_abbrev  0x000008ec      0x285 ./source/LQC2654.o
 .debug_abbrev  0x00000b71      0x100 ./source/conf.o
 .debug_abbrev  0x00000c71      0x35a ./source/kl16z64.o
 .debug_abbrev  0x00000fcb       0x41 ./source/mtb.o
 .debug_abbrev  0x0000100c       0x2f ./source/semihost_hardfault.o
 .debug_abbrev  0x0000103b      0x26a ./drivers/fsl_adc16.o
 .debug_abbrev  0x000012a5      0x31c ./drivers/fsl_clock.o
 .debug_abbrev  0x000015c1      0x2ae ./drivers/fsl_dma.o
 .debug_abbrev  0x0000186f      0x265 ./drivers/fsl_flash.o
 .debug_abbrev  0x00001ad4      0x1ca ./drivers/fsl_gpio.o
 .debug_abbrev  0x00001c9e      0x326 ./drivers/fsl_i2c.o
 .debug_abbrev  0x00001fc4      0x2c9 ./drivers/fsl_lpsci.o
 .debug_abbrev  0x0000228d      0x2ea ./drivers/fsl_spi.o
 .debug_abbrev  0x00002577      0x24c ./drivers/fsl_tpm.o
 .debug_abbrev  0x000027c3      0x2e1 ./drivers/fsl_uart.o
 .debug_abbrev  0x00002aa4      0x1b1 ./board/clock_config.o
 .debug_abbrev  0x00002c55       0x2f ./board/pin_mux.o
 .debug_abbrev  0x00002c84      0x13c ./CMSIS/system_MKL16Z4.o

.debug_aranges  0x00000000      0xf58
 .debug_aranges
                0x00000000      0x160 ./startup/startup_mkl16z4.o
 .debug_aranges
                0x00000160       0x98 ./source/modbus/modbus.o
 .debug_aranges
                0x000001f8       0xc8 ./source/emu/kl16z64emu.o
 .debug_aranges
                0x000002c0       0x50 ./source/eeprom/kl16z64_flash.o
 .debug_aranges
                0x00000310       0x60 ./source/LQC2654.o
 .debug_aranges
                0x00000370       0x18 ./source/conf.o
 .debug_aranges
                0x00000388       0xd8 ./source/kl16z64.o
 .debug_aranges
                0x00000460       0x18 ./source/mtb.o
 .debug_aranges
                0x00000478       0x20 ./source/semihost_hardfault.o
 .debug_aranges
                0x00000498       0x88 ./drivers/fsl_adc16.o
 .debug_aranges
                0x00000520      0x1c0 ./drivers/fsl_clock.o
 .debug_aranges
                0x000006e0       0xd0 ./drivers/fsl_dma.o
 .debug_aranges
                0x000007b0      0x138 ./drivers/fsl_flash.o
 .debug_aranges
                0x000008e8       0x68 ./drivers/fsl_gpio.o
 .debug_aranges
                0x00000950      0x178 ./drivers/fsl_i2c.o
 .debug_aranges
                0x00000ac8      0x118 ./drivers/fsl_lpsci.o
 .debug_aranges
                0x00000be0      0x138 ./drivers/fsl_spi.o
 .debug_aranges
                0x00000d18       0x88 ./drivers/fsl_tpm.o
 .debug_aranges
                0x00000da0      0x130 ./drivers/fsl_uart.o
 .debug_aranges
                0x00000ed0       0x40 ./board/clock_config.o
 .debug_aranges
                0x00000f10       0x20 ./board/pin_mux.o
 .debug_aranges
                0x00000f30       0x28 ./CMSIS/system_MKL16Z4.o

.debug_ranges   0x00000000      0xde8
 .debug_ranges  0x00000000      0x150 ./startup/startup_mkl16z4.o
 .debug_ranges  0x00000150       0x88 ./source/modbus/modbus.o
 .debug_ranges  0x000001d8       0xb8 ./source/emu/kl16z64emu.o
 .debug_ranges  0x00000290       0x40 ./source/eeprom/kl16z64_flash.o
 .debug_ranges  0x000002d0       0x50 ./source/LQC2654.o
 .debug_ranges  0x00000320       0xc8 ./source/kl16z64.o
 .debug_ranges  0x000003e8       0x10 ./source/semihost_hardfault.o
 .debug_ranges  0x000003f8       0x78 ./drivers/fsl_adc16.o
 .debug_ranges  0x00000470      0x1b0 ./drivers/fsl_clock.o
 .debug_ranges  0x00000620       0xc0 ./drivers/fsl_dma.o
 .debug_ranges  0x000006e0      0x128 ./drivers/fsl_flash.o
 .debug_ranges  0x00000808       0x58 ./drivers/fsl_gpio.o
 .debug_ranges  0x00000860      0x168 ./drivers/fsl_i2c.o
 .debug_ranges  0x000009c8      0x108 ./drivers/fsl_lpsci.o
 .debug_ranges  0x00000ad0      0x128 ./drivers/fsl_spi.o
 .debug_ranges  0x00000bf8       0x78 ./drivers/fsl_tpm.o
 .debug_ranges  0x00000c70      0x120 ./drivers/fsl_uart.o
 .debug_ranges  0x00000d90       0x30 ./board/clock_config.o
 .debug_ranges  0x00000dc0       0x10 ./board/pin_mux.o
 .debug_ranges  0x00000dd0       0x18 ./CMSIS/system_MKL16Z4.o

.debug_macro    0x00000000     0x1a06
 .debug_macro   0x00000000       0x29 ./startup/startup_mkl16z4.o
 .debug_macro   0x00000029      0x153 ./source/modbus/modbus.o
 .debug_macro   0x0000017c       0x34 ./source/modbus/modbus.o
 .debug_macro   0x000001b0       0x16 ./source/modbus/modbus.o
 .debug_macro   0x000001c6       0x10 ./source/modbus/modbus.o
 .debug_macro   0x000001d6      0x1f3 ./source/emu/kl16z64emu.o
 .debug_macro   0x000003c9       0x10 ./source/emu/kl16z64emu.o
 .debug_macro   0x000003d9       0x10 ./source/emu/kl16z64emu.o
 .debug_macro   0x000003e9      0x16e ./source/eeprom/kl16z64_flash.o
 .debug_macro   0x00000557       0x43 ./source/eeprom/kl16z64_flash.o
 .debug_macro   0x0000059a      0x18b ./source/LQC2654.o
 .debug_macro   0x00000725       0xd8 ./source/LQC2654.o
 .debug_macro   0x000007fd       0x10 ./source/LQC2654.o
 .debug_macro   0x0000080d       0x10 ./source/LQC2654.o
 .debug_macro   0x0000081d       0x10 ./source/LQC2654.o
 .debug_macro   0x0000082d      0x153 ./source/conf.o
 .debug_macro   0x00000980      0x162 ./source/kl16z64.o
 .debug_macro   0x00000ae2       0x2f ./source/mtb.o
 .debug_macro   0x00000b11       0x82 ./source/mtb.o
 .debug_macro   0x00000b93       0x10 ./source/mtb.o
 .debug_macro   0x00000ba3       0x11 ./source/semihost_hardfault.o
 .debug_macro   0x00000bb4       0xec ./drivers/fsl_adc16.o
 .debug_macro   0x00000ca0      0x196 ./drivers/fsl_clock.o
 .debug_macro   0x00000e36       0xec ./drivers/fsl_dma.o
 .debug_macro   0x00000f22      0x347 ./drivers/fsl_flash.o
 .debug_macro   0x00001269       0x43 ./drivers/fsl_flash.o
 .debug_macro   0x000012ac       0xec ./drivers/fsl_gpio.o
 .debug_macro   0x00001398       0xeb ./drivers/fsl_i2c.o
 .debug_macro   0x00001483       0x10 ./drivers/fsl_i2c.o
 .debug_macro   0x00001493       0xec ./drivers/fsl_lpsci.o
 .debug_macro   0x0000157f       0xeb ./drivers/fsl_spi.o
 .debug_macro   0x0000166a       0xf2 ./drivers/fsl_tpm.o
 .debug_macro   0x0000175c       0xf2 ./drivers/fsl_uart.o
 .debug_macro   0x0000184e      0x109 ./board/clock_config.o
 .debug_macro   0x00001957       0x1b ./board/pin_mux.o
 .debug_macro   0x00001972       0x94 ./CMSIS/system_MKL16Z4.o

.debug_line     0x00000000     0x65ee
 .debug_line    0x00000000      0x128 ./startup/startup_mkl16z4.o
 .debug_line    0x00000128      0x625 ./source/modbus/modbus.o
 .debug_line    0x0000074d      0x66c ./source/emu/kl16z64emu.o
 .debug_line    0x00000db9      0x460 ./source/eeprom/kl16z64_flash.o
 .debug_line    0x00001219      0x463 ./source/LQC2654.o
 .debug_line    0x0000167c      0x301 ./source/conf.o
 .debug_line    0x0000197d      0x5af ./source/kl16z64.o
 .debug_line    0x00001f2c       0x95 ./source/mtb.o
 .debug_line    0x00001fc1       0x54 ./source/semihost_hardfault.o
 .debug_line    0x00002015      0x3c5 ./drivers/fsl_adc16.o
 .debug_line    0x000023da      0x94b ./drivers/fsl_clock.o
 .debug_line    0x00002d25      0x4f2 ./drivers/fsl_dma.o
 .debug_line    0x00003217      0x724 ./drivers/fsl_flash.o
 .debug_line    0x0000393b      0x318 ./drivers/fsl_gpio.o
 .debug_line    0x00003c53      0xa03 ./drivers/fsl_i2c.o
 .debug_line    0x00004656      0x740 ./drivers/fsl_lpsci.o
 .debug_line    0x00004d96      0x72d ./drivers/fsl_spi.o
 .debug_line    0x000054c3      0x512 ./drivers/fsl_tpm.o
 .debug_line    0x000059d5      0x743 ./drivers/fsl_uart.o
 .debug_line    0x00006118      0x29c ./board/clock_config.o
 .debug_line    0x000063b4       0x50 ./board/pin_mux.o
 .debug_line    0x00006404      0x1ea ./CMSIS/system_MKL16Z4.o

.debug_str      0x00000000    0x37f47
 .debug_str     0x00000000     0x2940 ./startup/startup_mkl16z4.o
                               0x2975 (size before relaxing)
 .debug_str     0x00002940    0x2bfe2 ./source/modbus/modbus.o
                              0x2e7ac (size before relaxing)
 .debug_str     0x0002e922     0x113d ./source/emu/kl16z64emu.o
                              0x2f823 (size before relaxing)
 .debug_str     0x0002fa5f      0x3a6 ./source/eeprom/kl16z64_flash.o
                              0x2ea62 (size before relaxing)
 .debug_str     0x0002fe05      0x885 ./source/LQC2654.o
                              0x2ec63 (size before relaxing)
 .debug_str     0x0003068a       0x11 ./source/conf.o
                              0x2e649 (size before relaxing)
 .debug_str     0x0003069b      0x50f ./source/kl16z64.o
                              0x2f202 (size before relaxing)
 .debug_str     0x00030baa      0x532 ./source/mtb.o
                               0x2a6e (size before relaxing)
 .debug_str     0x000310dc       0x1f ./source/semihost_hardfault.o
                               0x255f (size before relaxing)
 .debug_str     0x000310fb      0x4bb ./drivers/fsl_adc16.o
                              0x2ee37 (size before relaxing)
 .debug_str     0x000315b6     0x12dd ./drivers/fsl_clock.o
                              0x2f98f (size before relaxing)
 .debug_str     0x00032893      0x774 ./drivers/fsl_dma.o
                              0x2ee6d (size before relaxing)
 .debug_str     0x00033007     0x2269 ./drivers/fsl_flash.o
                              0x3097a (size before relaxing)
 .debug_str     0x00035270       0xc5 ./drivers/fsl_gpio.o
                              0x2e487 (size before relaxing)
 .debug_str     0x00035335      0xc45 ./drivers/fsl_i2c.o
                              0x2f3a8 (size before relaxing)
 .debug_str     0x00035f7a      0xa3a ./drivers/fsl_lpsci.o
                              0x2f1a7 (size before relaxing)
 .debug_str     0x000369b4      0x932 ./drivers/fsl_spi.o
                              0x2f0f0 (size before relaxing)
 .debug_str     0x000372e6      0x541 ./drivers/fsl_tpm.o
                              0x2ed83 (size before relaxing)
 .debug_str     0x00037827      0x5ae ./drivers/fsl_uart.o
                              0x2f1ca (size before relaxing)
 .debug_str     0x00037dd5       0xe8 ./board/clock_config.o
                              0x2e80c (size before relaxing)
 .debug_str     0x00037ebd       0x26 ./board/pin_mux.o
                               0x2561 (size before relaxing)
 .debug_str     0x00037ee3       0x64 ./CMSIS/system_MKL16Z4.o
                              0x2d4fe (size before relaxing)

.comment        0x00000000       0x7f
 .comment       0x00000000       0x7f ./startup/startup_mkl16z4.o
                                 0x80 (size before relaxing)
 .comment       0x0000007f       0x80 ./source/modbus/modbus.o
 .comment       0x0000007f       0x80 ./source/emu/kl16z64emu.o
 .comment       0x0000007f       0x80 ./source/eeprom/kl16z64_flash.o
 .comment       0x0000007f       0x80 ./source/LQC2654.o
 .comment       0x0000007f       0x80 ./source/conf.o
 .comment       0x0000007f       0x80 ./source/kl16z64.o
 .comment       0x0000007f       0x80 ./source/mtb.o
 .comment       0x0000007f       0x80 ./source/semihost_hardfault.o
 .comment       0x0000007f       0x80 ./drivers/fsl_adc16.o
 .comment       0x0000007f       0x80 ./drivers/fsl_clock.o
 .comment       0x0000007f       0x80 ./drivers/fsl_dma.o
 .comment       0x0000007f       0x80 ./drivers/fsl_flash.o
 .comment       0x0000007f       0x80 ./drivers/fsl_gpio.o
 .comment       0x0000007f       0x80 ./drivers/fsl_i2c.o
 .comment       0x0000007f       0x80 ./drivers/fsl_lpsci.o
 .comment       0x0000007f       0x80 ./drivers/fsl_spi.o
 .comment       0x0000007f       0x80 ./drivers/fsl_tpm.o
 .comment       0x0000007f       0x80 ./drivers/fsl_uart.o
 .comment       0x0000007f       0x80 ./board/clock_config.o
 .comment       0x0000007f       0x80 ./board/pin_mux.o
 .comment       0x0000007f       0x80 ./CMSIS/system_MKL16Z4.o
 .comment       0x0000007f       0x80 c:/nxp/mcuxpressoide_10.1.0_589/ide/tools/bin/../lib/gcc/arm-none-eabi/6.3.1/../../../../arm-none-eabi/lib/thumb/v6-m\libcr_semihost_nf.a(_cr__main.o)
 .comment       0x0000007f       0x80 c:/nxp/mcuxpressoide_10.1.0_589/ide/tools/bin/../lib/gcc/arm-none-eabi/6.3.1/../../../../arm-none-eabi/lib/thumb/v6-m\libcr_semihost_nf.a(_cr_assert.o)
 .comment       0x0000007f       0x80 c:/nxp/mcuxpressoide_10.1.0_589/ide/tools/bin/../lib/gcc/arm-none-eabi/6.3.1/../../../../arm-none-eabi/lib/thumb/v6-m\libcr_semihost_nf.a(__ciob.o)
 .comment       0x0000007f       0x80 c:/nxp/mcuxpressoide_10.1.0_589/ide/tools/bin/../lib/gcc/arm-none-eabi/6.3.1/../../../../arm-none-eabi/lib/thumb/v6-m\libcr_c.a(memcpy.o)
 .comment       0x0000007f       0x80 c:/nxp/mcuxpressoide_10.1.0_589/ide/tools/bin/../lib/gcc/arm-none-eabi/6.3.1/../../../../arm-none-eabi/lib/thumb/v6-m\libcr_c.a(memset.o)
 .comment       0x0000007f       0x80 c:/nxp/mcuxpressoide_10.1.0_589/ide/tools/bin/../lib/gcc/arm-none-eabi/6.3.1/../../../../arm-none-eabi/lib/thumb/v6-m\libcr_c.a(_deferredlazyseek.o)
 .comment       0x0000007f       0x80 c:/nxp/mcuxpressoide_10.1.0_589/ide/tools/bin/../lib/gcc/arm-none-eabi/6.3.1/../../../../arm-none-eabi/lib/thumb/v6-m\libcr_c.a(_fflush.o)
 .comment       0x0000007f       0x80 c:/nxp/mcuxpressoide_10.1.0_589/ide/tools/bin/../lib/gcc/arm-none-eabi/6.3.1/../../../../arm-none-eabi/lib/thumb/v6-m\libcr_c.a(_writebuf.o)
 .comment       0x0000007f       0x80 c:/nxp/mcuxpressoide_10.1.0_589/ide/tools/bin/../lib/gcc/arm-none-eabi/6.3.1/../../../../arm-none-eabi/lib/thumb/v6-m\libcr_c.a(alloc.o)
 .comment       0x0000007f       0x80 c:/nxp/mcuxpressoide_10.1.0_589/ide/tools/bin/../lib/gcc/arm-none-eabi/6.3.1/../../../../arm-none-eabi/lib/thumb/v6-m\libcr_c.a(fputs.o)
 .comment       0x0000007f       0x80 c:/nxp/mcuxpressoide_10.1.0_589/ide/tools/bin/../lib/gcc/arm-none-eabi/6.3.1/../../../../arm-none-eabi/lib/thumb/v6-m\libcr_c.a(fseek.o)
 .comment       0x0000007f       0x80 c:/nxp/mcuxpressoide_10.1.0_589/ide/tools/bin/../lib/gcc/arm-none-eabi/6.3.1/../../../../arm-none-eabi/lib/thumb/v6-m\libcr_c.a(ftell.o)
 .comment       0x0000007f       0x80 c:/nxp/mcuxpressoide_10.1.0_589/ide/tools/bin/../lib/gcc/arm-none-eabi/6.3.1/../../../../arm-none-eabi/lib/thumb/v6-m\libcr_c.a(initio.o)
 .comment       0x0000007f       0x80 c:/nxp/mcuxpressoide_10.1.0_589/ide/tools/bin/../lib/gcc/arm-none-eabi/6.3.1/../../../../arm-none-eabi/lib/thumb/v6-m\libcr_c.a(setvbuf.o)
 .comment       0x0000007f       0x80 c:/nxp/mcuxpressoide_10.1.0_589/ide/tools/bin/../lib/gcc/arm-none-eabi/6.3.1/../../../../arm-none-eabi/lib/thumb/v6-m\libcr_c.a(__init_alloc.o)
 .comment       0x0000007f       0x80 c:/nxp/mcuxpressoide_10.1.0_589/ide/tools/bin/../lib/gcc/arm-none-eabi/6.3.1/../../../../arm-none-eabi/lib/thumb/v6-m\libcr_c.a(_cr_sbrk.o)
 .comment       0x0000007f       0x80 c:/nxp/mcuxpressoide_10.1.0_589/ide/tools/bin/../lib/gcc/arm-none-eabi/6.3.1/../../../../arm-none-eabi/lib/thumb/v6-m\libcr_c.a(_fdopen.o)
 .comment       0x0000007f       0x80 c:/nxp/mcuxpressoide_10.1.0_589/ide/tools/bin/../lib/gcc/arm-none-eabi/6.3.1/../../../../arm-none-eabi/lib/thumb/v6-m\libcr_c.a(errno.o)
 .comment       0x0000007f       0x80 c:/nxp/mcuxpressoide_10.1.0_589/ide/tools/bin/../lib/gcc/arm-none-eabi/6.3.1/../../../../arm-none-eabi/lib/thumb/v6-m\libcr_c.a(fclose.o)
 .comment       0x0000007f       0x80 c:/nxp/mcuxpressoide_10.1.0_589/ide/tools/bin/../lib/gcc/arm-none-eabi/6.3.1/../../../../arm-none-eabi/lib/thumb/v6-m\libcr_c.a(fflush.o)
 .comment       0x0000007f       0x80 c:/nxp/mcuxpressoide_10.1.0_589/ide/tools/bin/../lib/gcc/arm-none-eabi/6.3.1/../../../../arm-none-eabi/lib/thumb/v6-m\libcr_c.a(remove.o)
 .comment       0x0000007f       0x80 c:/nxp/mcuxpressoide_10.1.0_589/ide/tools/bin/../lib/gcc/arm-none-eabi/6.3.1/../../../../arm-none-eabi/lib/thumb/v6-m\libcr_c.a(strlen.o)
 .comment       0x0000007f       0x80 c:/nxp/mcuxpressoide_10.1.0_589/ide/tools/bin/../lib/gcc/arm-none-eabi/6.3.1/../../../../arm-none-eabi/lib/thumb/v6-m\libcr_c.a(_cr_check_heap.o)
 .comment       0x0000007f       0x80 c:/nxp/mcuxpressoide_10.1.0_589/ide/tools/bin/../lib/gcc/arm-none-eabi/6.3.1/../../../../arm-none-eabi/lib/thumb/v6-m\libcr_c.a(_do_fflush.o)
 .comment       0x0000007f       0x80 c:/nxp/mcuxpressoide_10.1.0_589/ide/tools/bin/../lib/gcc/arm-none-eabi/6.3.1/thumb/v6-m\libcr_eabihelpers.a(float.o)

.ARM.attributes
                0x00000000       0x30
 .ARM.attributes
                0x00000000       0x32 ./startup/startup_mkl16z4.o
 .ARM.attributes
                0x00000032       0x32 ./source/modbus/modbus.o
 .ARM.attributes
                0x00000064       0x32 ./source/emu/kl16z64emu.o
 .ARM.attributes
                0x00000096       0x32 ./source/eeprom/kl16z64_flash.o
 .ARM.attributes
                0x000000c8       0x32 ./source/LQC2654.o
 .ARM.attributes
                0x000000fa       0x32 ./source/conf.o
 .ARM.attributes
                0x0000012c       0x32 ./source/kl16z64.o
 .ARM.attributes
                0x0000015e       0x32 ./source/mtb.o
 .ARM.attributes
                0x00000190       0x32 ./source/semihost_hardfault.o
 .ARM.attributes
                0x000001c2       0x32 ./drivers/fsl_adc16.o
 .ARM.attributes
                0x000001f4       0x32 ./drivers/fsl_clock.o
 .ARM.attributes
                0x00000226       0x32 ./drivers/fsl_dma.o
 .ARM.attributes
                0x00000258       0x32 ./drivers/fsl_flash.o
 .ARM.attributes
                0x0000028a       0x32 ./drivers/fsl_gpio.o
 .ARM.attributes
                0x000002bc       0x32 ./drivers/fsl_i2c.o
 .ARM.attributes
                0x000002ee       0x32 ./drivers/fsl_lpsci.o
 .ARM.attributes
                0x00000320       0x32 ./drivers/fsl_spi.o
 .ARM.attributes
                0x00000352       0x32 ./drivers/fsl_tpm.o
 .ARM.attributes
                0x00000384       0x32 ./drivers/fsl_uart.o
 .ARM.attributes
                0x000003b6       0x32 ./board/clock_config.o
 .ARM.attributes
                0x000003e8       0x32 ./board/pin_mux.o
 .ARM.attributes
                0x0000041a       0x32 ./CMSIS/system_MKL16Z4.o
 .ARM.attributes
                0x0000044c       0x31 c:/nxp/mcuxpressoide_10.1.0_589/ide/tools/bin/../lib/gcc/arm-none-eabi/6.3.1/../../../../arm-none-eabi/lib/thumb/v6-m\libcr_semihost_nf.a(_cr__main.o)
 .ARM.attributes
                0x0000047d       0x31 c:/nxp/mcuxpressoide_10.1.0_589/ide/tools/bin/../lib/gcc/arm-none-eabi/6.3.1/../../../../arm-none-eabi/lib/thumb/v6-m\libcr_semihost_nf.a(_cr_assert.o)
 .ARM.attributes
                0x000004ae       0x31 c:/nxp/mcuxpressoide_10.1.0_589/ide/tools/bin/../lib/gcc/arm-none-eabi/6.3.1/../../../../arm-none-eabi/lib/thumb/v6-m\libcr_semihost_nf.a(__ciob.o)
 .ARM.attributes
                0x000004df       0x21 c:/nxp/mcuxpressoide_10.1.0_589/ide/tools/bin/../lib/gcc/arm-none-eabi/6.3.1/../../../../arm-none-eabi/lib/thumb/v6-m\libcr_semihost_nf.a(__sys_appexit.o)
 .ARM.attributes
                0x00000500       0x31 c:/nxp/mcuxpressoide_10.1.0_589/ide/tools/bin/../lib/gcc/arm-none-eabi/6.3.1/../../../../arm-none-eabi/lib/thumb/v6-m\libcr_c.a(memcpy.o)
 .ARM.attributes
                0x00000531       0x31 c:/nxp/mcuxpressoide_10.1.0_589/ide/tools/bin/../lib/gcc/arm-none-eabi/6.3.1/../../../../arm-none-eabi/lib/thumb/v6-m\libcr_c.a(memset.o)
 .ARM.attributes
                0x00000562       0x31 c:/nxp/mcuxpressoide_10.1.0_589/ide/tools/bin/../lib/gcc/arm-none-eabi/6.3.1/../../../../arm-none-eabi/lib/thumb/v6-m\libcr_c.a(_deferredlazyseek.o)
 .ARM.attributes
                0x00000593       0x31 c:/nxp/mcuxpressoide_10.1.0_589/ide/tools/bin/../lib/gcc/arm-none-eabi/6.3.1/../../../../arm-none-eabi/lib/thumb/v6-m\libcr_c.a(_fflush.o)
 .ARM.attributes
                0x000005c4       0x31 c:/nxp/mcuxpressoide_10.1.0_589/ide/tools/bin/../lib/gcc/arm-none-eabi/6.3.1/../../../../arm-none-eabi/lib/thumb/v6-m\libcr_c.a(_writebuf.o)
 .ARM.attributes
                0x000005f5       0x31 c:/nxp/mcuxpressoide_10.1.0_589/ide/tools/bin/../lib/gcc/arm-none-eabi/6.3.1/../../../../arm-none-eabi/lib/thumb/v6-m\libcr_c.a(alloc.o)
 .ARM.attributes
                0x00000626       0x31 c:/nxp/mcuxpressoide_10.1.0_589/ide/tools/bin/../lib/gcc/arm-none-eabi/6.3.1/../../../../arm-none-eabi/lib/thumb/v6-m\libcr_c.a(fputs.o)
 .ARM.attributes
                0x00000657       0x31 c:/nxp/mcuxpressoide_10.1.0_589/ide/tools/bin/../lib/gcc/arm-none-eabi/6.3.1/../../../../arm-none-eabi/lib/thumb/v6-m\libcr_c.a(fseek.o)
 .ARM.attributes
                0x00000688       0x31 c:/nxp/mcuxpressoide_10.1.0_589/ide/tools/bin/../lib/gcc/arm-none-eabi/6.3.1/../../../../arm-none-eabi/lib/thumb/v6-m\libcr_c.a(ftell.o)
 .ARM.attributes
                0x000006b9       0x31 c:/nxp/mcuxpressoide_10.1.0_589/ide/tools/bin/../lib/gcc/arm-none-eabi/6.3.1/../../../../arm-none-eabi/lib/thumb/v6-m\libcr_c.a(initio.o)
 .ARM.attributes
                0x000006ea       0x31 c:/nxp/mcuxpressoide_10.1.0_589/ide/tools/bin/../lib/gcc/arm-none-eabi/6.3.1/../../../../arm-none-eabi/lib/thumb/v6-m\libcr_c.a(setvbuf.o)
 .ARM.attributes
                0x0000071b       0x31 c:/nxp/mcuxpressoide_10.1.0_589/ide/tools/bin/../lib/gcc/arm-none-eabi/6.3.1/../../../../arm-none-eabi/lib/thumb/v6-m\libcr_c.a(__init_alloc.o)
 .ARM.attributes
                0x0000074c       0x31 c:/nxp/mcuxpressoide_10.1.0_589/ide/tools/bin/../lib/gcc/arm-none-eabi/6.3.1/../../../../arm-none-eabi/lib/thumb/v6-m\libcr_c.a(_cr_sbrk.o)
 .ARM.attributes
                0x0000077d       0x31 c:/nxp/mcuxpressoide_10.1.0_589/ide/tools/bin/../lib/gcc/arm-none-eabi/6.3.1/../../../../arm-none-eabi/lib/thumb/v6-m\libcr_c.a(_fdopen.o)
 .ARM.attributes
                0x000007ae       0x31 c:/nxp/mcuxpressoide_10.1.0_589/ide/tools/bin/../lib/gcc/arm-none-eabi/6.3.1/../../../../arm-none-eabi/lib/thumb/v6-m\libcr_c.a(errno.o)
 .ARM.attributes
                0x000007df       0x31 c:/nxp/mcuxpressoide_10.1.0_589/ide/tools/bin/../lib/gcc/arm-none-eabi/6.3.1/../../../../arm-none-eabi/lib/thumb/v6-m\libcr_c.a(fclose.o)
 .ARM.attributes
                0x00000810       0x31 c:/nxp/mcuxpressoide_10.1.0_589/ide/tools/bin/../lib/gcc/arm-none-eabi/6.3.1/../../../../arm-none-eabi/lib/thumb/v6-m\libcr_c.a(fflush.o)
 .ARM.attributes
                0x00000841       0x31 c:/nxp/mcuxpressoide_10.1.0_589/ide/tools/bin/../lib/gcc/arm-none-eabi/6.3.1/../../../../arm-none-eabi/lib/thumb/v6-m\libcr_c.a(remove.o)
 .ARM.attributes
                0x00000872       0x31 c:/nxp/mcuxpressoide_10.1.0_589/ide/tools/bin/../lib/gcc/arm-none-eabi/6.3.1/../../../../arm-none-eabi/lib/thumb/v6-m\libcr_c.a(strlen.o)
 .ARM.attributes
                0x000008a3       0x31 c:/nxp/mcuxpressoide_10.1.0_589/ide/tools/bin/../lib/gcc/arm-none-eabi/6.3.1/../../../../arm-none-eabi/lib/thumb/v6-m\libcr_c.a(_cr_check_heap.o)
 .ARM.attributes
                0x000008d4       0x31 c:/nxp/mcuxpressoide_10.1.0_589/ide/tools/bin/../lib/gcc/arm-none-eabi/6.3.1/../../../../arm-none-eabi/lib/thumb/v6-m\libcr_c.a(_do_fflush.o)
 .ARM.attributes
                0x00000905       0x21 c:/nxp/mcuxpressoide_10.1.0_589/ide/tools/bin/../lib/gcc/arm-none-eabi/6.3.1/thumb/v6-m\libcr_eabihelpers.a(division_32.o)
 .ARM.attributes
                0x00000926       0x21 c:/nxp/mcuxpressoide_10.1.0_589/ide/tools/bin/../lib/gcc/arm-none-eabi/6.3.1/thumb/v6-m\libcr_eabihelpers.a(division_idiv0.o)
 .ARM.attributes
                0x00000947       0x31 c:/nxp/mcuxpressoide_10.1.0_589/ide/tools/bin/../lib/gcc/arm-none-eabi/6.3.1/thumb/v6-m\libcr_eabihelpers.a(float.o)
 .ARM.attributes
                0x00000978       0x21 c:/nxp/mcuxpressoide_10.1.0_589/ide/tools/bin/../lib/gcc/arm-none-eabi/6.3.1/thumb/v6-m\libcr_eabihelpers.a(llong.o)
 .ARM.attributes
                0x00000999       0x21 c:/nxp/mcuxpressoide_10.1.0_589/ide/tools/bin/../lib/gcc/arm-none-eabi/6.3.1/thumb/v6-m\libcr_eabihelpers.a(memcpy.o)
 .ARM.attributes
                0x000009ba       0x21 c:/nxp/mcuxpressoide_10.1.0_589/ide/tools/bin/../lib/gcc/arm-none-eabi/6.3.1/../../../../arm-none-eabi/lib/thumb/v6-m\libcr_semihost_nf.a(__sys_close.o)
 .ARM.attributes
                0x000009db       0x21 c:/nxp/mcuxpressoide_10.1.0_589/ide/tools/bin/../lib/gcc/arm-none-eabi/6.3.1/../../../../arm-none-eabi/lib/thumb/v6-m\libcr_semihost_nf.a(__sys_flen.o)
 .ARM.attributes
                0x000009fc       0x21 c:/nxp/mcuxpressoide_10.1.0_589/ide/tools/bin/../lib/gcc/arm-none-eabi/6.3.1/../../../../arm-none-eabi/lib/thumb/v6-m\libcr_semihost_nf.a(__sys_istty.o)
 .ARM.attributes
                0x00000a1d       0x21 c:/nxp/mcuxpressoide_10.1.0_589/ide/tools/bin/../lib/gcc/arm-none-eabi/6.3.1/../../../../arm-none-eabi/lib/thumb/v6-m\libcr_semihost_nf.a(__sys_remove.o)
 .ARM.attributes
                0x00000a3e       0x21 c:/nxp/mcuxpressoide_10.1.0_589/ide/tools/bin/../lib/gcc/arm-none-eabi/6.3.1/../../../../arm-none-eabi/lib/thumb/v6-m\libcr_semihost_nf.a(__sys_seek.o)
 .ARM.attributes
                0x00000a5f       0x21 c:/nxp/mcuxpressoide_10.1.0_589/ide/tools/bin/../lib/gcc/arm-none-eabi/6.3.1/../../../../arm-none-eabi/lib/thumb/v6-m\libcr_semihost_nf.a(__sys_tmpnam.o)
 .ARM.attributes
                0x00000a80       0x21 c:/nxp/mcuxpressoide_10.1.0_589/ide/tools/bin/../lib/gcc/arm-none-eabi/6.3.1/../../../../arm-none-eabi/lib/thumb/v6-m\libcr_semihost_nf.a(__sys_write.o)

.debug_frame    0x00000000     0x3414
 .debug_frame   0x00000000      0x3b0 ./startup/startup_mkl16z4.o
 .debug_frame   0x000003b0      0x1fc ./source/modbus/modbus.o
 .debug_frame   0x000005ac      0x2c4 ./source/emu/kl16z64emu.o
 .debug_frame   0x00000870       0xe4 ./source/eeprom/kl16z64_flash.o
 .debug_frame   0x00000954      0x124 ./source/LQC2654.o
 .debug_frame   0x00000a78      0x300 ./source/kl16z64.o
 .debug_frame   0x00000d78       0x20 ./source/semihost_hardfault.o
 .debug_frame   0x00000d98      0x1d0 ./drivers/fsl_adc16.o
 .debug_frame   0x00000f68      0x67c ./drivers/fsl_clock.o
 .debug_frame   0x000015e4      0x2e0 ./drivers/fsl_dma.o
 .debug_frame   0x000018c4      0x490 ./drivers/fsl_flash.o
 .debug_frame   0x00001d54      0x150 ./drivers/fsl_gpio.o
 .debug_frame   0x00001ea4      0x588 ./drivers/fsl_i2c.o
 .debug_frame   0x0000242c      0x410 ./drivers/fsl_lpsci.o
 .debug_frame   0x0000283c      0x488 ./drivers/fsl_spi.o
 .debug_frame   0x00002cc4      0x1d0 ./drivers/fsl_tpm.o
 .debug_frame   0x00002e94      0x464 ./drivers/fsl_uart.o
 .debug_frame   0x000032f8       0xa4 ./board/clock_config.o
 .debug_frame   0x0000339c       0x2c ./board/pin_mux.o
 .debug_frame   0x000033c8       0x4c ./CMSIS/system_MKL16Z4.o
